  གཏོར་མ་ཆ་གསུམ་བཞུགས་སོ།                      1 block(s): ^13
  གསོལ་འདེབས་བར་ཆད་ལམ་སེལ།                     6 block(s): ^1, ^5, ^13, ^15, ^21, ^24
  གསོལ་འདེབས་བསམ་པ་མྱུར་འགྲུབ་མ།               3 block(s): ^2, ^4, ^5
  གསོལ་འདེབས་ལེའུ་བདུན་མ།                     28 block(s): ^4, ^6, ^32, ^37, ^64, ^68, ^69, ^71, ^76, ^93, ^114, ^115, ^116, ^117
  ཆགས་མེད་བདེ་སྨོན།                            1 block(s): ^9
  ཇོ་བོ་རྗེའི་བསྟོད་པ་ཕུན་སུམ་ཚོགས་པ་མ་བཞུ     8 block(s): ^5, ^6, ^7, ^8, ^11, ^12, ^19, ^26
  ཐུབ་བསྟན་རིས་མེད་རྒྱས་པའི་སྨོན་ལམ།           2 block(s): ^1, ^6
  ཐོག་མཐའ་མ་བཞུགས་སོ།                          1 block(s): ^32
  དགའ་ལྡན་ལྷ་བརྒྱ་མ་འདོད་གསོལ་སྨོན་ལམ་དང་བ     1 block(s): ^9
  དགེ་སློང་མ་དཔལ་མོས་མཛད་པའི་འཕགས་པ་སྤྱན་ར     1 block(s): ^4
  དཔལ་ནཱ་ལེནྡྲའི་པཎ་གྲུབ་བཅུ་བདུན་གྱི་གསོལ     1 block(s): ^26
  དཔལ་ལྡན་ས་གསུམ་མ།                            5 block(s): ^3, ^27, ^36, ^38, ^39
  དཔལ་ས་སྐྱ་པའི་བསྟན་པ་དར་ཞིང་རྒྱས་པའི་སྨོ     1 block(s): ^19
  དབང་སྡུད་གསོལ་འདེབས།                         1 block(s): ^5
  དབྱངས་ཅན་མའི་བསྟོད་པ་བཞུགས་སོ།               1 block(s): ^5
  དམིགས་བརྩེ་མ།                                1 block(s): ^1
  ཕྱག་ཆེན་བརྒྱུད་པའི་གསོལ་འདེབས་ནི།            2 block(s): ^5, ^7
  བཀའ་ཐང་བསྡུས་པ།                             12 block(s): ^1, ^4, ^10, ^11, ^12, ^15, ^16, ^17, ^19, ^22, ^24, ^25
  བདུད་བཟློག་གསང་བའི་མན་ངག                     1 block(s): ^5
  བདེན་ཚིག་སྨོན་ལམ།                            1 block(s): ^6
  བསམ་པ་ལྷུན་གྲུབ་མ་བཞུགས་སོ།                 18 block(s): ^1, ^2, ^3, ^4, ^5, ^6, ^7, ^8, ^9, ^10, ^11, ^12, ^13, ^14, ^15, ^16,
  བསྟན་འབར་མ་བཞུགས་སོ།                         3 block(s): ^13, ^17, ^18
  བོད་ཡུལ་བདེ་བའི་སྨོན་ལམ།                     2 block(s): ^4, ^6
  བོད་སྐྱོང་ལྷ་སྲུང་གི་འཕྲིན་བསྐུལ།            1 block(s): ^6
  བྱམས་པའི་སྨོན་ལམ།                            2 block(s): ^1, ^11
  བྱིས་པའི་འབུམ་ཆུང་བཞུགས་སོ།།                 2 block(s): ^1, ^7
  བླ་མ་རྒྱང་འབོད་མོས་གུས་སྙིང་གི་གཟེར་འདེབ     4 block(s): ^1, ^7, ^28, ^53
  མཁས་གྲུབ་རྗེའི་བསྟོད་པ།                      1 block(s): ^6
  མི་ཁའི་བཟློག་བསྒྱུར།                         4 block(s): ^25, ^42, ^47, ^59
  ཚིག་བདུན་གསོལ་འདེབས།                         1 block(s): ^1
  ཚེ་རབས་རྗེས་འཛིན་བཞུགས་སོ།                   1 block(s): ^8
  ཚེས་བཅུའི་ཕན་ཡོན་གསོལ་འདེབས།                 8 block(s): ^3, ^4, ^7, ^10, ^11, ^12, ^13, ^14
  ཞབས་བརྟན་གསོལ་འདེབས་འཆི་མེད་གྲུབ་པ་ཞེས་བ     1 block(s): ^3
  འཆི་ཁར་ཕན་པའི་གདམས་ངག་ཉམས་ལེན་གྱི་སྙིང་པ     1 block(s): ^9
  འཇམ་དབྱངས་ཀྱི་བསྟོད་པ་གང་བློ་མ་བཞུགས་སོ།     1 block(s): ^3
  འཇམ་མགོན་བླ་མ་ཙོང་ཁ་པ་ཆེན་པོས་མཛད་པའི་བླ     2 block(s): ^21, ^25
  འཕགས་པ་ཐུགས་རྗེ་ཆེན་པོ་ལ་བསྟོད་ཅིང་གསོལ་     1 block(s): ^5
  འཕགས་པ་བཀྲ་ཤིས་བརྒྱད་པ།                      1 block(s): ^2
  འཕགས་པ་བཟང་པོ་སྤྱོད་པའི་སྨོན་ལམ་གྱི་རྒྱལ     2 block(s): ^1, ^38
  རི་བོ་བསངས་མཆོད་བཞུགས་སོ༔                    2 block(s): ^4, ^15
  རྒྱ་ནག་པོའི་སྐག་ཟློག་ཅེས་བྱ་བ་བཞུགས་སོ།།     3 block(s): ^1, ^35, ^42
  རྒྱལ་ཁམས་བདེ་བའི་སྨོན་ལམ།                    2 block(s): ^1, ^2
  རྒྱལ་བའི་དབང་པོ་ཀློང་ཆེན་རབ་འབྱམས་ལ་བསྟོ     1 block(s): ^12
  ལམ་གཙོ་རྣམ་གསུམ།                             1 block(s): ^16
  ལམ་རིམ་སྨོན་ལམ་བཞུགས་སོ།                     1 block(s): ^8
  སྒྲོལ་མ་ཉེར་གཅིག་ལ་བསྟོད་པ།                  2 block(s): ^1, ^13
  སྤྱོད་འཇུག་སྨོན་ལམ་བཞུགས་སོ།                 1 block(s): ^47
  སློབ་དཔོན་ཐུགས་རྗེ་ཅན་གྱི་ཐུགས་དམ་གནད་ནས     1 block(s): ^4
  སློབ་དཔོན་རིན་པོ་ཆེའི་མཚན་སྔགས།              1 block(s): ^1
  ཨོ་རྒྱན་རིན་པོ་ཆེའི་ཞལ་ཆེམས་གསོལ་འདེབས་བ     3 block(s): ^3, ^6, ^8
152 block(s) in 50 text(s) lack a canonical name form (of 466 name occurrences)

=== གཏོར་མ་ཆ་གསུམ་བཞུགས་སོ།  (1 block(s)) ===
  [1/1] ^13  (1 blk, 122 src, 3143 ctx) … 15.28s  वज्रधर देवता इन्द्र,
  calls  1 for 1 block(s) recorded this run
  SUMMARY {"text": "གཏོར་མ་ཆ་གསུམ་བཞུགས་སོ།", "lang_tag": "ne", "blocks_total": 47, "blocks_done": 47, "new": 1, "calls": 1, "fallbacks": 0, "parity_failures": [], "failed": [], "stopped_at": null}

=== གསོལ་འདེབས་བར་ཆད་ལམ་སེལ།  (6 block(s)) ===
  [1/1] ^1,^5,^13,^15,^21,^24  (6 blk, 1957 src, 538 ctx) … 48.16s  ॐ आह हूँ वज्र गुरु पद्म सिद्धि हूँ
  calls  1 for 6 block(s) recorded this run
  SUMMARY {"text": "གསོལ་འདེབས་བར་ཆད་ལམ་སེལ།", "lang_tag": "ne", "blocks_total": 24, "blocks_done": 24, "new": 6, "calls": 1, "fallbacks": 0, "parity_failures": [], "failed": [], "stopped_at": null}

=== གསོལ་འདེབས་བསམ་པ་མྱུར་འགྲུབ་མ།  (3 block(s)) ===
  [1/1] ^2,^4,^5  (3 blk, 603 src, 1061 ctx) … 25.06s  दुष्कर्मको विपाकको बलले उत्पन्न भएका,
  calls  1 for 3 block(s) recorded this run
  SUMMARY {"text": "གསོལ་འདེབས་བསམ་པ་མྱུར་འགྲུབ་མ།", "lang_tag": "ne", "blocks_total": 5, "blocks_done": 5, "new": 3, "calls": 1, "fallbacks": 0, "parity_failures": [], "failed": [], "stopped_at": null}

=== གསོལ་འདེབས་ལེའུ་བདུན་མ།  (28 block(s)) ===
  [1/4] ^4,^6,^32,^37,^64,^68,^69,^71  (8 blk, 1626 src, 2149 ctx) … 46.74s  धर्मकाय समन्तभद्रलाई प्रार्थना गर्दछु।
  [2/4] ^76,^93,^114,^115,^116,^117,^118,^119  (8 blk, 1657 src, 3185 ctx) … 59.2s  वज्रहेरुकको चित्तको विचारद्वारा,
  [3/4] ^120,^121,^122,^123,^124,^125,^126,^127  (8 blk, 1373 src, 4125 ctx) … 53.71s  प्राणीहरूको मायावी शरीर नष्ट गर्ने रोग लाग्दा,
  [4/4] ^128,^129,^130,^131  (4 blk, 794 src, 3855 ctx) … 33.01s  जब आयु समाप्त भई मृत्युको समय आउँछ,
  calls  4 for 28 block(s) recorded this run
  SUMMARY {"text": "གསོལ་འདེབས་ལེའུ་བདུན་མ།", "lang_tag": "ne", "blocks_total": 131, "blocks_done": 131, "new": 28, "calls": 4, "fallbacks": 0, "parity_failures": [], "failed": [], "stopped_at": null}

=== ཆགས་མེད་བདེ་སྨོན།  (1 block(s)) ===
  [1/1] ^9  (1 blk, 158 src, 3099 ctx) … 19.26s  हृदयको रश्मिबाट पद्मसम्भवको निर्माण हुन्छ,
  calls  1 for 1 block(s) recorded this run
  SUMMARY {"text": "ཆགས་མེད་བདེ་སྨོན།", "lang_tag": "ne", "blocks_total": 85, "blocks_done": 85, "new": 1, "calls": 1, "fallbacks": 0, "parity_failures": [], "failed": [], "stopped_at": null}

=== ཇོ་བོ་རྗེའི་བསྟོད་པ་ཕུན་སུམ་ཚོགས་པ་མ་བཞུགས་སོ།  (8 block(s)) ===
  [1/1] ^5,^6,^7,^8,^11,^12,^19,^26  (8 blk, 1160 src, 1740 ctx) … 35.13s  कामगुणहरूमा अनासक्त भई,
  calls  1 for 8 block(s) recorded this run
  SUMMARY {"text": "ཇོ་བོ་རྗེའི་བསྟོད་པ་ཕུན་སུམ་ཚོགས་པ་མ་བཞུགས་སོ།", "lang_tag": "ne", "blocks_total": 36, "blocks_done": 36, "new": 8, "calls": 1, "fallbacks": 0, "parity_failures": [], "failed": [], "stopped_at": null}

=== ཐུབ་བསྟན་རིས་མེད་རྒྱས་པའི་སྨོན་ལམ།  (2 block(s)) ===
  [1/1] ^1,^6  (2 blk, 333 src, 598 ctx) … 21.09s  चार कायका स्वरूप, सर्वज्ञ सूर्यबन्धु,
  calls  1 for 2 block(s) recorded this run
  SUMMARY {"text": "ཐུབ་བསྟན་རིས་མེད་རྒྱས་པའི་སྨོན་ལམ།", "lang_tag": "ne", "blocks_total": 23, "blocks_done": 23, "new": 2, "calls": 1, "fallbacks": 0, "parity_failures": [], "failed": [], "stopped_at": null}

=== ཐོག་མཐའ་མ་བཞུགས་སོ།  (1 block(s)) ===
  [1/1] ^32  (1 blk, 143 src, 2869 ctx) … 20.47s  यसरी आदि, मध्य र अन्तमा कल्याणकारी यो प्रणिधान बहुश्
  calls  1 for 1 block(s) recorded this run
  SUMMARY {"text": "ཐོག་མཐའ་མ་བཞུགས་སོ།", "lang_tag": "ne", "blocks_total": 32, "blocks_done": 32, "new": 1, "calls": 1, "fallbacks": 0, "parity_failures": [], "failed": [], "stopped_at": null}

=== དགའ་ལྡན་ལྷ་བརྒྱ་མ་འདོད་གསོལ་སྨོན་ལམ་དང་བཅས་པ།  (1 block(s)) ===
  [1/1] ^9  (1 blk, 201 src, 3154 ctx) … 23.8s  आलम्बनहीन करुणाका महान् निधि अवलोकितेश्वर,
  calls  1 for 1 block(s) recorded this run
  SUMMARY {"text": "དགའ་ལྡན་ལྷ་བརྒྱ་མ་འདོད་གསོལ་སྨོན་ལམ་དང་བཅས་པ།", "lang_tag": "ne", "blocks_total": 22, "blocks_done": 22, "new": 1, "calls": 1, "fallbacks": 0, "parity_failures": [], "failed": [], "stopped_at": null}

=== དགེ་སློང་མ་དཔལ་མོས་མཛད་པའི་འཕགས་པ་སྤྱན་རས་གཟིགས་དབང་ཕྱུག་གི་བསྟོད་པ།  (1 block(s)) ===
  [1/1] ^4  (1 blk, 174 src, 1963 ctx) … 16.7s  निर्मल र चम्किलो मोतीको माला धारण गर्ने।
  calls  1 for 1 block(s) recorded this run
  SUMMARY {"text": "དགེ་སློང་མ་དཔལ་མོས་མཛད་པའི་འཕགས་པ་སྤྱན་རས་གཟིགས་དབང་ཕྱུག་གི་བསྟོད་པ།", "lang_tag": "ne", "blocks_total": 11, "blocks_done": 11, "new": 1, "calls": 1, "fallbacks": 0, "parity_failures": [], "failed": [], "stopped_at": null}

=== དཔལ་ནཱ་ལེནྡྲའི་པཎ་གྲུབ་བཅུ་བདུན་གྱི་གསོལ་འདེབས།  (1 block(s)) ===
  [1/1] ^26  (1 blk, 1748 src, 3175 ctx) … 42.93s  यसैअनुसार, बुद्ध भगवानले राम्ररी देशना गर्नुभएको गम्
  calls  1 for 1 block(s) recorded this run
  SUMMARY {"text": "དཔལ་ནཱ་ལེནྡྲའི་པཎ་གྲུབ་བཅུ་བདུན་གྱི་གསོལ་འདེབས།", "lang_tag": "ne", "blocks_total": 26, "blocks_done": 26, "new": 1, "calls": 1, "fallbacks": 0, "parity_failures": [], "failed": [], "stopped_at": null}

=== དཔལ་ལྡན་ས་གསུམ་མ།  (5 block(s)) ===
  [1/1] ^3,^27,^36,^38,^39  (5 blk, 1293 src, 1405 ctx) … 35.24s  जिनहरूको सामु बोधिचर्या ग्रहण गर्ने,
  calls  1 for 5 block(s) recorded this run
  SUMMARY {"text": "དཔལ་ལྡན་ས་གསུམ་མ།", "lang_tag": "ne", "blocks_total": 39, "blocks_done": 39, "new": 5, "calls": 1, "fallbacks": 0, "parity_failures": [], "failed": [], "stopped_at": null}

=== དཔལ་ས་སྐྱ་པའི་བསྟན་པ་དར་ཞིང་རྒྱས་པའི་སྨོན་ལམ་འཇམ་དབྱངས་བླ་མ་དགྱེས་པའི་ཞལ་ལུང་ཞེས་བྱ་བ་བཞུགས་སོ། །  (1 block(s)) ===
  [1/1] ^19  (1 blk, 169 src, 3137 ctx) … 18.15s  कषायकालको अन्तमा पनि खोन कुलका वज्रधरहरू,
  calls  1 for 1 block(s) recorded this run
  SUMMARY {"text": "དཔལ་ས་སྐྱ་པའི་བསྟན་པ་དར་ཞིང་རྒྱས་པའི་སྨོན་ལམ་འཇམ་དབྱངས་བླ་མ་དགྱེས་པའི་ཞལ་ལུང་ཞེས་བྱ་བ་བཞུགས་སོ། །", "lang_tag": "ne", "blocks_total": 28, "blocks_done": 28, "new": 1, "calls": 1, "fallbacks": 0, "parity_failures": [], "failed": [], "stopped_at": null}

=== དབང་སྡུད་གསོལ་འདེབས།  (1 block(s)) ===
  [1/1] ^5  (1 blk, 169 src, 2122 ctx) … 25.05s  रातो रश्मिले संसार र निर्वाण पूर्ण रूपमा व्याप्त गर्
  calls  1 for 1 block(s) recorded this run
  SUMMARY {"text": "དབང་སྡུད་གསོལ་འདེབས།", "lang_tag": "ne", "blocks_total": 8, "blocks_done": 8, "new": 1, "calls": 1, "fallbacks": 0, "parity_failures": [], "failed": [], "stopped_at": null}

=== དབྱངས་ཅན་མའི་བསྟོད་པ་བཞུགས་སོ།  (1 block(s)) ===
  [1/1] ^5  (1 blk, 40 src, 2162 ctx) … 7.67s  यो जे लोब्साङ द्राक्पाले रचना गर्नुभएको हो।
  calls  1 for 1 block(s) recorded this run
  SUMMARY {"text": "དབྱངས་ཅན་མའི་བསྟོད་པ་བཞུགས་སོ།", "lang_tag": "ne", "blocks_total": 5, "blocks_done": 5, "new": 1, "calls": 1, "fallbacks": 0, "parity_failures": [], "failed": [], "stopped_at": null}

=== དམིགས་བརྩེ་མ།  (1 block(s)) ===
  [1/1] ^1  (1 blk, 197 src, 488 ctx) … 22.54s  अनालम्बन करुणाका महाकोष अवलोकितेश्वर,
  calls  1 for 1 block(s) recorded this run
  SUMMARY {"text": "དམིགས་བརྩེ་མ།", "lang_tag": "ne", "blocks_total": 1, "blocks_done": 1, "new": 1, "calls": 1, "fallbacks": 0, "parity_failures": [], "failed": [], "stopped_at": null}

=== ཕྱག་ཆེན་བརྒྱུད་པའི་གསོལ་འདེབས་ནི།  (2 block(s)) ===
  [1/1] ^5,^7  (2 blk, 228 src, 1992 ctx) … 19.97s  यस उत्तरी हिमवत् प्रदेशमा,
  calls  1 for 2 block(s) recorded this run
  SUMMARY {"text": "ཕྱག་ཆེན་བརྒྱུད་པའི་གསོལ་འདེབས་ནི།", "lang_tag": "ne", "blocks_total": 20, "blocks_done": 20, "new": 2, "calls": 1, "fallbacks": 0, "parity_failures": [], "failed": [], "stopped_at": null}

=== བཀའ་ཐང་བསྡུས་པ།  (12 block(s)) ===
  [1/3] ^1,^4,^10,^11,^12,^15  (6 blk, 2467 src, 488 ctx) … 55.63s  उड्डियान भाषामा: बुद्ध धर्म संघाय।
  [2/3] ^16,^17,^19,^22  (4 blk, 1479 src, 8782 ctx) … 42.81s  एमाहो !
  [3/3] ^24,^25  (2 blk, 2975 src, 6652 ctx) … 102.47s  राजाको राजवंशको आठ र तेह्र पुस्तापछि,
  calls  3 for 12 block(s) recorded this run
  SUMMARY {"text": "བཀའ་ཐང་བསྡུས་པ།", "lang_tag": "ne", "blocks_total": 25, "blocks_done": 25, "new": 12, "calls": 3, "fallbacks": 0, "parity_failures": [], "failed": [], "stopped_at": null}

=== བདུད་བཟློག་གསང་བའི་མན་ངག  (1 block(s)) ===
  [1/1] ^5  (1 blk, 120 src, 2029 ctx) … 26.57s  सबैप्रति समभावको मैत्रेयद्वारा,
  calls  1 for 1 block(s) recorded this run
  SUMMARY {"text": "བདུད་བཟློག་གསང་བའི་མན་ངག", "lang_tag": "ne", "blocks_total": 8, "blocks_done": 8, "new": 1, "calls": 1, "fallbacks": 0, "parity_failures": [], "failed": [], "stopped_at": null}

=== བདེན་ཚིག་སྨོན་ལམ།  (1 block(s)) ===
  [1/1] ^6  (1 blk, 165 src, 2718 ctx) … 19.93s  लामो समयदेखि हृदयमा साँचेको इच्छित लक्ष्य,
  calls  1 for 1 block(s) recorded this run
  SUMMARY {"text": "བདེན་ཚིག་སྨོན་ལམ།", "lang_tag": "ne", "blocks_total": 9, "blocks_done": 9, "new": 1, "calls": 1, "fallbacks": 0, "parity_failures": [], "failed": [], "stopped_at": null}

=== བསམ་པ་ལྷུན་གྲུབ་མ་བཞུགས་སོ།  (18 block(s)) ===
  [1/3] ^1,^2,^3,^4,^5,^6,^7,^8  (8 blk, 2152 src, 546 ctx) … 51.07s  एमाहो !
  [2/3] ^9,^10,^11,^12,^13,^14,^15,^16  (8 blk, 2068 src, 4622 ctx) … 45.05s  भाग्यमानी प्राणीहरूको हितको लागि निधि निकाल्दा,
  [3/3] ^17,^18  (2 blk, 540 src, 4536 ctx) … 22.01s  यसैगरी कर्म र प्रत्ययको वशमा परेर,
  calls  3 for 18 block(s) recorded this run
  SUMMARY {"text": "བསམ་པ་ལྷུན་གྲུབ་མ་བཞུགས་སོ།", "lang_tag": "ne", "blocks_total": 18, "blocks_done": 18, "new": 18, "calls": 3, "fallbacks": 0, "parity_failures": [], "failed": [], "stopped_at": null}

=== བསྟན་འབར་མ་བཞུགས་སོ།  (3 block(s)) ===
  [1/1] ^13,^17,^18  (3 blk, 398 src, 2601 ctx) … 27.9s  विगतमा मैले पापी सत्त्वहरूलाई,
  calls  1 for 3 block(s) recorded this run
  SUMMARY {"text": "བསྟན་འབར་མ་བཞུགས་སོ།", "lang_tag": "ne", "blocks_total": 19, "blocks_done": 19, "new": 3, "calls": 1, "fallbacks": 0, "parity_failures": [], "failed": [], "stopped_at": null}

=== བོད་ཡུལ་བདེ་བའི་སྨོན་ལམ།  (2 block(s)) ===
  [1/1] ^4,^6  (2 blk, 525 src, 2081 ctx) … 50.88s  मानव र अमानव सम्पूर्ण प्राणीहरूको
  calls  1 for 2 block(s) recorded this run
  SUMMARY {"text": "བོད་ཡུལ་བདེ་བའི་སྨོན་ལམ།", "lang_tag": "ne", "blocks_total": 6, "blocks_done": 6, "new": 2, "calls": 1, "fallbacks": 0, "parity_failures": [], "failed": [], "stopped_at": null}

=== བོད་སྐྱོང་ལྷ་སྲུང་གི་འཕྲིན་བསྐུལ།  (1 block(s)) ===
  [1/1] ^6  (1 blk, 128 src, 3892 ctx) … 23.02s  यो महान् चौधौं ग्याल्वाङले तिब्बती राज-संवत् २१०० जल
  calls  1 for 1 block(s) recorded this run
  SUMMARY {"text": "བོད་སྐྱོང་ལྷ་སྲུང་གི་འཕྲིན་བསྐུལ།", "lang_tag": "ne", "blocks_total": 6, "blocks_done": 6, "new": 1, "calls": 1, "fallbacks": 0, "parity_failures": [], "failed": [], "stopped_at": null}

=== བྱམས་པའི་སྨོན་ལམ།  (2 block(s)) ===
  [1/1] ^1,^11  (2 blk, 216 src, 447 ctx) … 18.94s  भारतीय भाषामा: आर्य मैत्री प्रणिधान राज।
  calls  1 for 2 block(s) recorded this run
  SUMMARY {"text": "བྱམས་པའི་སྨོན་ལམ།", "lang_tag": "ne", "blocks_total": 27, "blocks_done": 27, "new": 2, "calls": 1, "fallbacks": 0, "parity_failures": [], "failed": [], "stopped_at": null}

=== བྱིས་པའི་འབུམ་ཆུང་བཞུགས་སོ།།  (2 block(s)) ===
  [1/1] ^1,^7  (2 blk, 550 src, 440 ctx) … 36.66s  भारतको भाषामा: शतसाहस्रिका प्रज्ञापारमिता। तिब्बतको 
  calls  1 for 2 block(s) recorded this run
  SUMMARY {"text": "བྱིས་པའི་འབུམ་ཆུང་བཞུགས་སོ།།", "lang_tag": "ne", "blocks_total": 9, "blocks_done": 9, "new": 2, "calls": 1, "fallbacks": 0, "parity_failures": [], "failed": [], "stopped_at": null}

=== བླ་མ་རྒྱང་འབོད་མོས་གུས་སྙིང་གི་གཟེར་འདེབས་བཞུགས་སོ།  (4 block(s)) ===
  [1/1] ^1,^7,^28,^53  (4 blk, 733 src, 525 ctx) … 32.93s  नमो गुरुवे। गुरुलाई टाढाबाट पुकार्ने यो प्रार्थना सब
  calls  1 for 4 block(s) recorded this run
  SUMMARY {"text": "བླ་མ་རྒྱང་འབོད་མོས་གུས་སྙིང་གི་གཟེར་འདེབས་བཞུགས་སོ།", "lang_tag": "ne", "blocks_total": 54, "blocks_done": 54, "new": 4, "calls": 1, "fallbacks": 0, "parity_failures": [], "failed": [], "stopped_at": null}

=== མཁས་གྲུབ་རྗེའི་བསྟོད་པ།  (1 block(s)) ===
  [1/1] ^6  (1 blk, 158 src, 2474 ctx) … 15.3s  सम्पूर्ण बुद्धहरूका साक्षात् स्वरूप परम पूज्य त्सोङ्
  calls  1 for 1 block(s) recorded this run
  SUMMARY {"text": "མཁས་གྲུབ་རྗེའི་བསྟོད་པ།", "lang_tag": "ne", "blocks_total": 8, "blocks_done": 8, "new": 1, "calls": 1, "fallbacks": 0, "parity_failures": [], "failed": [], "stopped_at": null}

=== མི་ཁའི་བཟློག་བསྒྱུར།  (4 block(s)) ===
  [1/1] ^25,^42,^47,^59  (4 blk, 460 src, 2953 ctx) … 22.44s  त्यो पनि निन्दाकै रूप हो।
  calls  1 for 4 block(s) recorded this run
  SUMMARY {"text": "མི་ཁའི་བཟློག་བསྒྱུར།", "lang_tag": "ne", "blocks_total": 75, "blocks_done": 75, "new": 4, "calls": 1, "fallbacks": 0, "parity_failures": [], "failed": [], "stopped_at": null}

=== ཚིག་བདུན་གསོལ་འདེབས།  (1 block(s)) ===
  [1/1] ^1  (1 blk, 236 src, 445 ctx) … 26.93s  हूँ
  calls  1 for 1 block(s) recorded this run
  SUMMARY {"text": "ཚིག་བདུན་གསོལ་འདེབས།", "lang_tag": "ne", "blocks_total": 1, "blocks_done": 1, "new": 1, "calls": 1, "fallbacks": 0, "parity_failures": [], "failed": [], "stopped_at": null}

=== ཚེ་རབས་རྗེས་འཛིན་བཞུགས་སོ།  (1 block(s)) ===
  [1/1] ^8  (1 blk, 134 src, 3033 ctx) … 20.78s  यो रचना परम पावन महान् चौधौं दलाई लामाद्वारा तिब्बती
  calls  1 for 1 block(s) recorded this run
  SUMMARY {"text": "ཚེ་རབས་རྗེས་འཛིན་བཞུགས་སོ།", "lang_tag": "ne", "blocks_total": 8, "blocks_done": 8, "new": 1, "calls": 1, "fallbacks": 0, "parity_failures": [], "failed": [], "stopped_at": null}

=== ཚེས་བཅུའི་ཕན་ཡོན་གསོལ་འདེབས།  (8 block(s)) ===
  [1/1] ^3,^4,^7,^10,^11,^12,^13,^14  (8 blk, 1839 src, 1280 ctx) … 59.83s  यस हिमवत् प्रदेशलाई अवलोकितेश्वरको,
  calls  1 for 8 block(s) recorded this run
  SUMMARY {"text": "ཚེས་བཅུའི་ཕན་ཡོན་གསོལ་འདེབས།", "lang_tag": "ne", "blocks_total": 14, "blocks_done": 14, "new": 8, "calls": 1, "fallbacks": 0, "parity_failures": [], "failed": [], "stopped_at": null}

=== ཞབས་བརྟན་གསོལ་འདེབས་འཆི་མེད་གྲུབ་པ་ཞེས་བྱ་བ་བཞུགས་སོ།  (1 block(s)) ===
  [1/1] ^3  (1 blk, 159 src, 1402 ctx) … 25.47s  जिनराज लोब्साङ त्सोङ्खापाको
  calls  1 for 1 block(s) recorded this run
  SUMMARY {"text": "ཞབས་བརྟན་གསོལ་འདེབས་འཆི་མེད་གྲུབ་པ་ཞེས་བྱ་བ་བཞུགས་སོ།", "lang_tag": "ne", "blocks_total": 15, "blocks_done": 15, "new": 1, "calls": 1, "fallbacks": 0, "parity_failures": [], "failed": [], "stopped_at": null}

=== འཆི་ཁར་ཕན་པའི་གདམས་ངག་ཉམས་ལེན་གྱི་སྙིང་པོ་ཞེས་བྱ་བ་བཞུགས་སོ།།  (1 block(s)) ===
  [1/1] ^9  (1 blk, 256 src, 3069 ctx) … 23.25s  यसरी स्पष्ट आलम्बनका साथ सकेसम्म अमिताभको नाम जप गर्
  calls  1 for 1 block(s) recorded this run
  SUMMARY {"text": "འཆི་ཁར་ཕན་པའི་གདམས་ངག་ཉམས་ལེན་གྱི་སྙིང་པོ་ཞེས་བྱ་བ་བཞུགས་སོ།།", "lang_tag": "ne", "blocks_total": 9, "blocks_done": 9, "new": 1, "calls": 1, "fallbacks": 0, "parity_failures": [], "failed": [], "stopped_at": null}

=== འཇམ་དབྱངས་ཀྱི་བསྟོད་པ་གང་བློ་མ་བཞུགས་སོ།  (1 block(s)) ===
  [1/1] ^3  (1 blk, 287 src, 1459 ctx) … 17.91s  मेघ झैं ठूलो गर्जन गर्दै क्लेशको निद्राबाट ब्युँझाउन
  calls  1 for 1 block(s) recorded this run
  SUMMARY {"text": "འཇམ་དབྱངས་ཀྱི་བསྟོད་པ་གང་བློ་མ་བཞུགས་སོ།", "lang_tag": "ne", "blocks_total": 5, "blocks_done": 5, "new": 1, "calls": 1, "fallbacks": 0, "parity_failures": [], "failed": [], "stopped_at": null}

=== འཇམ་མགོན་བླ་མ་ཙོང་ཁ་པ་ཆེན་པོས་མཛད་པའི་བློ་སྦྱོང་སྙན་ངག་སྒྲ་རྒྱན་བཞུགས་སོ།  (2 block(s)) ===
  [1/1] ^21,^25  (2 blk, 324 src, 3232 ctx) … 24.99s  पाप र आवरणरूपी फोहोर थुपार्ने भाँडो हो।
  calls  1 for 2 block(s) recorded this run
  SUMMARY {"text": "འཇམ་མགོན་བླ་མ་ཙོང་ཁ་པ་ཆེན་པོས་མཛད་པའི་བློ་སྦྱོང་སྙན་ངག་སྒྲ་རྒྱན་བཞུགས་སོ།", "lang_tag": "ne", "blocks_total": 27, "blocks_done": 27, "new": 2, "calls": 1, "fallbacks": 0, "parity_failures": [], "failed": [], "stopped_at": null}

=== འཕགས་པ་ཐུགས་རྗེ་ཆེན་པོ་ལ་བསྟོད་ཅིང་གསོལ་བ་འདེབས་པ་ཕན་བདེའི་ཆར་འབེབས་ཞེས་བྱ་བ་བཞུགས་སོ།  (1 block(s)) ===
  [1/1] ^5  (1 blk, 256 src, 2975 ctx) … 24.99s  राम्ररी फक्रिएको पुण्डरीक जस्तो सुन्दर मुखमण्डल देखा
  calls  1 for 1 block(s) recorded this run
  SUMMARY {"text": "འཕགས་པ་ཐུགས་རྗེ་ཆེན་པོ་ལ་བསྟོད་ཅིང་གསོལ་བ་འདེབས་པ་ཕན་བདེའི་ཆར་འབེབས་ཞེས་བྱ་བ་བཞུགས་སོ།", "lang_tag": "ne", "blocks_total": 27, "blocks_done": 27, "new": 1, "calls": 1, "fallbacks": 0, "parity_failures": [], "failed": [], "stopped_at": null}

=== འཕགས་པ་བཀྲ་ཤིས་བརྒྱད་པ།  (1 block(s)) ===
  [1/1] ^2  (1 blk, 159 src, 973 ctx) … 42.42s  प्रदीपराज, दृढपराक्रम र अमोघदर्शी,
  calls  1 for 1 block(s) recorded this run
  SUMMARY {"text": "འཕགས་པ་བཀྲ་ཤིས་བརྒྱད་པ།", "lang_tag": "ne", "blocks_total": 10, "blocks_done": 10, "new": 1, "calls": 1, "fallbacks": 0, "parity_failures": [], "failed": [], "stopped_at": null}

=== འཕགས་པ་བཟང་པོ་སྤྱོད་པའི་སྨོན་ལམ་གྱི་རྒྱལ་པོ།  (2 block(s)) ===
  [1/1] ^1,^38  (2 blk, 262 src, 501 ctx) … 28.65s  भारतीय भाषामा: आर्य भद्रचर्या प्रणिधान राज। तिब्बतको
  calls  1 for 2 block(s) recorded this run
  SUMMARY {"text": "འཕགས་པ་བཟང་པོ་སྤྱོད་པའི་སྨོན་ལམ་གྱི་རྒྱལ་པོ།", "lang_tag": "ne", "blocks_total": 66, "blocks_done": 66, "new": 2, "calls": 1, "fallbacks": 0, "parity_failures": [], "failed": [], "stopped_at": null}

=== རི་བོ་བསངས་མཆོད་བཞུགས་སོ༔  (2 block(s)) ===
  [1/1] ^4,^15  (2 blk, 288 src, 1817 ctx) … 25.41s  अशुद्धिका स्वामी, उन्मादका भूत, पुरुष प्रेत, स्त्री 
  calls  1 for 2 block(s) recorded this run
  SUMMARY {"text": "རི་བོ་བསངས་མཆོད་བཞུགས་སོ༔", "lang_tag": "ne", "blocks_total": 17, "blocks_done": 17, "new": 2, "calls": 1, "fallbacks": 0, "parity_failures": [], "failed": [], "stopped_at": null}

=== རྒྱ་ནག་པོའི་སྐག་ཟློག་ཅེས་བྱ་བ་བཞུགས་སོ།།  (3 block(s)) ===
  [1/1] ^1,^35,^42  (3 blk, 620 src, 511 ctx) … 37.49s  आर्य मञ्जुश्रीलाई नमस्कार छ।
  calls  1 for 3 block(s) recorded this run
  SUMMARY {"text": "རྒྱ་ནག་པོའི་སྐག་ཟློག་ཅེས་བྱ་བ་བཞུགས་སོ།།", "lang_tag": "ne", "blocks_total": 49, "blocks_done": 49, "new": 3, "calls": 1, "fallbacks": 0, "parity_failures": [], "failed": [], "stopped_at": null}

=== རྒྱལ་ཁམས་བདེ་བའི་སྨོན་ལམ།  (2 block(s)) ===
  [1/1] ^1,^2  (2 blk, 443 src, 440 ctx) … 16.24s  ॐ आः हूँ वज्र गुरु पद्म सिद्धि हूँ
  calls  1 for 2 block(s) recorded this run
  SUMMARY {"text": "རྒྱལ་ཁམས་བདེ་བའི་སྨོན་ལམ།", "lang_tag": "ne", "blocks_total": 4, "blocks_done": 4, "new": 2, "calls": 1, "fallbacks": 0, "parity_failures": [], "failed": [], "stopped_at": null}

=== རྒྱལ་བའི་དབང་པོ་ཀློང་ཆེན་རབ་འབྱམས་ལ་བསྟོད་པ།  (1 block(s)) ===
  [1/1] ^12  (1 blk, 265 src, 3674 ctx) … 30.94s  विवादग्रस्त कषायकालको तल्लो लोक र त्रिकायको शुद्ध क्
  calls  1 for 1 block(s) recorded this run
  SUMMARY {"text": "རྒྱལ་བའི་དབང་པོ་ཀློང་ཆེན་རབ་འབྱམས་ལ་བསྟོད་པ།", "lang_tag": "ne", "blocks_total": 15, "blocks_done": 15, "new": 1, "calls": 1, "fallbacks": 0, "parity_failures": [], "failed": [], "stopped_at": null}

=== ལམ་གཙོ་རྣམ་གསུམ།  (1 block(s)) ===
  [1/1] ^16  (1 blk, 105 src, 2890 ctx) … 16.27s  यो बहुश्रुत भिक्षु लोब्साङ द्राक्पाले छाखो वोन्पो ङव
  calls  1 for 1 block(s) recorded this run
  SUMMARY {"text": "ལམ་གཙོ་རྣམ་གསུམ།", "lang_tag": "ne", "blocks_total": 16, "blocks_done": 16, "new": 1, "calls": 1, "fallbacks": 0, "parity_failures": [], "failed": [], "stopped_at": null}

=== ལམ་རིམ་སྨོན་ལམ་བཞུགས་སོ།  (1 block(s)) ===
  [1/1] ^8  (1 blk, 46 src, 2878 ctx) … 10.35s  यो महान् र्जे त्सोङ्खापाले रचना गर्नुभएको हो।
  calls  1 for 1 block(s) recorded this run
  SUMMARY {"text": "ལམ་རིམ་སྨོན་ལམ་བཞུགས་སོ།", "lang_tag": "ne", "blocks_total": 8, "blocks_done": 8, "new": 1, "calls": 1, "fallbacks": 0, "parity_failures": [], "failed": [], "stopped_at": null}

=== སྒྲོལ་མ་ཉེར་གཅིག་ལ་བསྟོད་པ།  (2 block(s)) ===
  [1/1] ^1,^13  (2 blk, 274 src, 428 ctx) … 21.68s  भारतीय भाषामा: नमः तारा एकविंशति स्तोत्र गुणहित साक।
  calls  1 for 2 block(s) recorded this run
  SUMMARY {"text": "སྒྲོལ་མ་ཉེར་གཅིག་ལ་བསྟོད་པ།", "lang_tag": "ne", "blocks_total": 29, "blocks_done": 29, "new": 2, "calls": 1, "fallbacks": 0, "parity_failures": [], "failed": [], "stopped_at": null}

=== སྤྱོད་འཇུག་སྨོན་ལམ་བཞུགས་སོ།  (1 block(s)) ===
  [1/1] ^47  (1 blk, 121 src, 2587 ctx) … 17.65s  सबै प्राणीहरूले बारम्बार
  calls  1 for 1 block(s) recorded this run
  SUMMARY {"text": "སྤྱོད་འཇུག་སྨོན་ལམ་བཞུགས་སོ།", "lang_tag": "ne", "blocks_total": 56, "blocks_done": 56, "new": 1, "calls": 1, "fallbacks": 0, "parity_failures": [], "failed": [], "stopped_at": null}

=== སློབ་དཔོན་ཐུགས་རྗེ་ཅན་གྱི་ཐུགས་དམ་གནད་ནས་སྐུལ་བའི་གདུང་དབྱངས་གསོལ་འདེབས་བཞུགས་སོ། །  (1 block(s)) ===
  [1/1] ^4  (1 blk, 163 src, 2025 ctx) … 15.23s  विशेष गरी त्रिसोङ देत्सेन पिता-पुत्रले,
  calls  1 for 1 block(s) recorded this run
  SUMMARY {"text": "སློབ་དཔོན་ཐུགས་རྗེ་ཅན་གྱི་ཐུགས་དམ་གནད་ནས་སྐུལ་བའི་གདུང་དབྱངས་གསོལ་འདེབས་བཞུགས་སོ། །", "lang_tag": "ne", "blocks_total": 8, "blocks_done": 8, "new": 1, "calls": 1, "fallbacks": 0, "parity_failures": [], "failed": [], "stopped_at": null}

=== སློབ་དཔོན་རིན་པོ་ཆེའི་མཚན་སྔགས།  (1 block(s)) ===
  [1/1] ^1  (1 blk, 135 src, 486 ctx) … 24.31s  भारतका महापण्डित तिब्बतप्रति महान् कृपालु हुनुहुन्छ,
  calls  1 for 1 block(s) recorded this run
  SUMMARY {"text": "སློབ་དཔོན་རིན་པོ་ཆེའི་མཚན་སྔགས།", "lang_tag": "ne", "blocks_total": 3, "blocks_done": 3, "new": 1, "calls": 1, "fallbacks": 0, "parity_failures": [], "failed": [], "stopped_at": null}

=== ཨོ་རྒྱན་རིན་པོ་ཆེའི་ཞལ་ཆེམས་གསོལ་འདེབས་བཞུགས༔  (3 block(s)) ===
  [1/1] ^3,^6,^8  (3 blk, 443 src, 1372 ctx) … 43.92s  गुणस्वरूप दमनकर्ता महोत्तर हेरुक,
  calls  1 for 3 block(s) recorded this run
  SUMMARY {"text": "ཨོ་རྒྱན་རིན་པོ་ཆེའི་ཞལ་ཆེམས་གསོལ་འདེབས་བཞུགས༔", "lang_tag": "ne", "blocks_total": 8, "blocks_done": 8, "new": 3, "calls": 1, "fallbacks": 0, "parity_failures": [], "failed": [], "stopped_at": null}

stamp: ids: 0 source notes, 50 translation files updated | track-meta: 50 translation files updated | titles: 50 translation files updated

after re-run:
  ཐུབ་བསྟན་རིས་མེད་རྒྱས་པའི་སྨོན་ལམ།           1 block(s): ^6
  དགེ་སློང་མ་དཔལ་མོས་མཛད་པའི་འཕགས་པ་སྤྱན་ར     1 block(s): ^4
  དབང་སྡུད་གསོལ་འདེབས།                         1 block(s): ^5
  ཕྱག་ཆེན་བརྒྱུད་པའི་གསོལ་འདེབས་ནི།            1 block(s): ^7
  བཀའ་ཐང་བསྡུས་པ།                              1 block(s): ^24
  བསྟན་འབར་མ་བཞུགས་སོ།                         1 block(s): ^13
  བོད་ཡུལ་བདེ་བའི་སྨོན་ལམ།                     1 block(s): ^4
  བྱིས་པའི་འབུམ་ཆུང་བཞུགས་སོ།།                 1 block(s): ^7
  བླ་མ་རྒྱང་འབོད་མོས་གུས་སྙིང་གི་གཟེར་འདེབ     3 block(s): ^1, ^7, ^53
  མི་ཁའི་བཟློག་བསྒྱུར།                         3 block(s): ^42, ^47, ^59
  འཆི་ཁར་ཕན་པའི་གདམས་ངག་ཉམས་ལེན་གྱི་སྙིང་པ     1 block(s): ^9
  འཇམ་དབྱངས་ཀྱི་བསྟོད་པ་གང་བློ་མ་བཞུགས་སོ།     1 block(s): ^3
  འཇམ་མགོན་བླ་མ་ཙོང་ཁ་པ་ཆེན་པོས་མཛད་པའི་བླ     1 block(s): ^21
  རི་བོ་བསངས་མཆོད་བཞུགས་སོ༔                    1 block(s): ^4
  རྒྱ་ནག་པོའི་སྐག་ཟློག་ཅེས་བྱ་བ་བཞུགས་སོ།།     1 block(s): ^35
  རྒྱལ་བའི་དབང་པོ་ཀློང་ཆེན་རབ་འབྱམས་ལ་བསྟོ     1 block(s): ^12
  སྒྲོལ་མ་ཉེར་གཅིག་ལ་བསྟོད་པ།                  1 block(s): ^13
21 block(s) in 17 text(s) lack a canonical name form (of 466 name occurrences)
exit 0
