=== Wylie residue re-run (ལེའུ་བདུན་མ) ===
[1/2] ^70,^73,^75,^76,^85,^88,^92,^96  (8 blk, 1418 src, 3258 ctx) … 58.5s  Bằng tâm của Palchen Dorje Shonnu,
[2/2] ^99  (1 blk, 175 src, 3399 ctx) … 14.01s  Tại hang động Taktsang Senge Samdrup,
calls  2 for 9 block(s) recorded this run
SUMMARY {"text": "གསོལ་འདེབས་ལེའུ་བདུན་མ།", "lang_tag": "vi", "blocks_tota
=== names pass 2 ===
  འཇམ་དབྱངས་ཀྱི་བསྟོད་པ་གང་བློ་མ་བཞུགས་སོ།     1 block(s): ^3
  འཇམ་མགོན་བླ་མ་ཙོང་ཁ་པ་ཆེན་པོས་མཛད་པའི་བླ     1 block(s): ^21
  འཕགས་པ་ཐུགས་རྗེ་ཆེན་པོ་ལ་བསྟོད་ཅིང་གསོལ་     1 block(s): ^5
  རྒྱ་ནག་པོའི་སྐག་ཟློག་ཅེས་བྱ་བ་བཞུགས་སོ།།     1 block(s): ^35
  རྒྱལ་བའི་དབང་པོ་ཀློང་ཆེན་རབ་འབྱམས་ལ་བསྟོ     1 block(s): ^12
15 block(s) in 13 text(s) lack a canonical name form (of 457 name occurrences)
=== ornament re-run ===
texts re-run: 0
ids: 0 source notes, 0 translation files updated track-meta: 0 translation files updated titles: 0 translation files updated 
remaining lines with Tibetan characters in vi translations:
  none
=== Wylie check ===
blocks still carrying Wylie: []
=== verify ===
last report : _corpus-run-20260906T194525.json  texts 94/94, blocks 1892/1892, calls 200, stopped=None
ledgers     : 94 texts, 1892 blocks; 0 without line parity
rendered    : 94 files; short 0, placeholders 0, untitled 0, no source site 0
block ids   : 0 file(s) differ from the Tibetan
stray script: 0 translation line(s) with Tibetan or CJK characters
vi: OK
=== names pass 3 (variant key, ཨེ་མ་ཧོ) ===
  བླ་མ་རྒྱང་འབོད་མོས་གུས་སྙིང་གི་གཟེར་འདེབ     1 block(s): ^7
  འཆི་ཁར་ཕན་པའི་གདམས་ངག་ཉམས་ལེན་གྱི་སྙིང་པ     1 block(s): ^9
  འཇམ་དབྱངས་ཀྱི་བསྟོད་པ་གང་བློ་མ་བཞུགས་སོ།     1 block(s): ^3
  འཕགས་པ་ཐུགས་རྗེ་ཆེན་པོ་ལ་བསྟོད་ཅིང་གསོལ་     1 block(s): ^5
9 block(s) in 9 text(s) lack a canonical name form (of 489 name occurrences)
=== verify ===
last report : _corpus-run-20260906T194525.json  texts 94/94, blocks 1892/1892, calls 200, stopped=None
ledgers     : 94 texts, 1892 blocks; 0 without line parity
rendered    : 94 files; short 0, placeholders 0, untitled 0, no source site 0
block ids   : 0 file(s) differ from the Tibetan
stray script: 0 translation line(s) with Tibetan or CJK characters
vi: OK
