  གཏོར་མ་ཆ་གསུམ་བཞུགས་སོ།                      2 block(s): ^1, ^13
  གསོལ་འདེབས་བར་ཆད་ལམ་སེལ།                     3 block(s): ^1, ^21, ^24
  གསོལ་འདེབས་བསམ་པ་མྱུར་འགྲུབ་མ།               3 block(s): ^2, ^4, ^5
  གསོལ་འདེབས་ལེའུ་བདུན་མ།                     36 block(s): ^4, ^6, ^20, ^32, ^37, ^64, ^68, ^69, ^71, ^87, ^93, ^97, ^98, ^100, ^
  ཆགས་མེད་བདེ་སྨོན།                           18 block(s): ^8, ^9, ^11, ^12, ^15, ^16, ^17, ^18, ^30, ^38, ^48, ^51, ^56, ^58, ^7
  ཇོ་བོ་རྗེའི་བསྟོད་པ་ཕུན་སུམ་ཚོགས་པ་མ་བཞུ     6 block(s): ^5, ^6, ^7, ^8, ^26, ^33
  ཐུགས་རྗེ་ཆེན་པོའི་བསྒོམ་བཟླས་འགྲོ་དོན་མཁ     3 block(s): ^4, ^23, ^24
  ཐུབ་བསྟན་རིས་མེད་རྒྱས་པའི་སྨོན་ལམ།           3 block(s): ^1, ^6, ^7
  ཐོག་མཐའ་མ་བཞུགས་སོ།                          1 block(s): ^32
  དགའ་ལྡན་ལྷ་བརྒྱ་མ་འདོད་གསོལ་སྨོན་ལམ་དང་བ     2 block(s): ^8, ^9
  དགེ་སློང་མ་དཔལ་མོས་མཛད་པའི་འཕགས་པ་སྤྱན་ར     1 block(s): ^4
  དགོངས་གཏེར་སྒྲོལ་མའི་ཟབ་ཏིག་ལས་མཎྜལ་ཆོ་ག     6 block(s): ^2, ^23, ^32, ^41, ^46, ^47
  དཔལ་གསང་བ་འདུས་པའི་བསྒོམ་བཟླས་རྒྱུན་འཁྱེ     2 block(s): ^7, ^21
  དཔལ་ནཱ་ལེནྡྲའི་པཎ་གྲུབ་བཅུ་བདུན་གྱི་གསོལ     2 block(s): ^8, ^18
  དཔལ་ལྡན་ས་གསུམ་མ།                            2 block(s): ^3, ^27
  དཔལ་ས་སྐྱ་པའི་བསྟན་པ་དར་ཞིང་རྒྱས་པའི་སྨོ     2 block(s): ^2, ^24
  དབང་སྡུད་གསོལ་འདེབས།                         1 block(s): ^5
  བཀའ་ཐང་བསྡུས་པ།                              8 block(s): ^9, ^11, ^15, ^16, ^22, ^23, ^24, ^25
  བདུད་བཟློག་གསང་བའི་མན་ངག                     1 block(s): ^5
  བསམ་པ་ལྷུན་གྲུབ་མ་བཞུགས་སོ།                 18 block(s): ^1, ^2, ^3, ^4, ^5, ^6, ^7, ^8, ^9, ^10, ^11, ^12, ^13, ^14, ^15, ^16,
  བསྟན་འབར་མ་བཞུགས་སོ།                         1 block(s): ^13
  བོད་ཡུལ་བདེ་བའི་སྨོན་ལམ།                     2 block(s): ^1, ^4
  བྱམས་པའི་སྨོན་ལམ།                            2 block(s): ^1, ^11
  བྱིས་པའི་འབུམ་ཆུང་བཞུགས་སོ།།                 2 block(s): ^1, ^7
  བླ་མ་རྒྱང་འབོད་མོས་གུས་སྙིང་གི་གཟེར་འདེབ     5 block(s): ^1, ^4, ^7, ^28, ^53
  མི་ཁའི་བཟློག་བསྒྱུར།                         3 block(s): ^42, ^47, ^59
  ཚིག་བདུན་གསོལ་འདེབས།                         1 block(s): ^1
  ཚེས་བཅུའི་ཕན་ཡོན་གསོལ་འདེབས།                 2 block(s): ^3, ^7
  འཆི་ཁར་ཕན་པའི་གདམས་ངག་ཉམས་ལེན་གྱི་སྙིང་པ     1 block(s): ^9
  འཇམ་དཔལ་རྫོགས་པ་ཆེན་པོའི་སྨོན་ལམ།            1 block(s): ^21
  འཇམ་དབྱངས་ཀྱི་བསྟོད་པ་གང་བློ་མ་བཞུགས་སོ།     1 block(s): ^3
  འཇམ་མགོན་བླ་མ་ཙོང་ཁ་པ་ཆེན་པོས་མཛད་པའི་བླ     2 block(s): ^21, ^25
  འཕགས་པ་ཐུགས་རྗེ་ཆེན་པོ་ལ་བསྟོད་ཅིང་གསོལ་     3 block(s): ^5, ^7, ^9
  འཕགས་པ་བཀྲ་ཤིས་བརྒྱད་པ།                      1 block(s): ^2
  འཕགས་པ་བཟང་པོ་སྤྱོད་པའི་སྨོན་ལམ་གྱི་རྒྱལ     2 block(s): ^38, ^64
  ཡོན་ཏན་གཞིར་གྱུར་མ་བཞུགས་སོ།                 1 block(s): ^14
  རི་བོ་བསངས་མཆོད་བཞུགས་སོ༔                    1 block(s): ^4
  རྒྱ་ནག་པོའི་སྐག་ཟློག་ཅེས་བྱ་བ་བཞུགས་སོ།།     2 block(s): ^35, ^42
  རྒྱལ་ཁམས་བདེ་བའི་སྨོན་ལམ།                    2 block(s): ^1, ^2
  རྒྱལ་བའི་དབང་པོ་ཀློང་ཆེན་རབ་འབྱམས་ལ་བསྟོ     1 block(s): ^12
  རྗེ་གསང་བའི་རྣམ་ཐར།                          3 block(s): ^14, ^15, ^44
  སྒྲོལ་བསྟོད་སྐྱབས་བདུན་མ།                    2 block(s): ^1, ^8
  སྒྲོལ་མ་ཉེར་གཅིག་ལ་བསྟོད་པ།                  3 block(s): ^13, ^14, ^29
  སྒྲོལ་མ་ཙིཏྟཱ་མ་ཎི་ལ་བརྟེན་པའི་ཐུན་མོང་མ     1 block(s): ^1
  སྤྱོད་འཇུག་སྨོན་ལམ་བཞུགས་སོ།                 1 block(s): ^47
  སློབ་དཔོན་རིན་པོ་ཆེའི་མཚན་སྔགས།              1 block(s): ^1
  ཨོ་རྒྱན་རིན་པོ་ཆེའི་ཞལ་ཆེམས་གསོལ་འདེབས་བ     3 block(s): ^3, ^6, ^8
170 block(s) in 47 text(s) lack a canonical name form (of 466 name occurrences)

=== གཏོར་མ་ཆ་གསུམ་བཞུགས་སོ།  (2 block(s)) ===
  [1/1] ^1,^13  (2 blk, 189 src, 455 ctx) … 16.85s  Kính lễ đức vinh quang Kim Cang Tát Đỏa.
  calls  1 for 2 block(s) recorded this run
  SUMMARY {"text": "གཏོར་མ་ཆ་གསུམ་བཞུགས་སོ།", "lang_tag": "vi", "blocks_total": 47, "blocks_done": 47, "new": 2, "calls": 1, "fallbacks": 0, "parity_failures": [], "failed": [], "stopped_at": null}

=== གསོལ་འདེབས་བར་ཆད་ལམ་སེལ།  (3 block(s)) ===
  [1/1] ^1,^21,^24  (3 blk, 930 src, 547 ctx) … 40.72s  Om Ah Hum Vajra Guru Padma Siddhi Hum
  calls  1 for 3 block(s) recorded this run
  SUMMARY {"text": "གསོལ་འདེབས་བར་ཆད་ལམ་སེལ།", "lang_tag": "vi", "blocks_total": 24, "blocks_done": 24, "new": 3, "calls": 1, "fallbacks": 0, "parity_failures": [], "failed": [], "stopped_at": null}

=== གསོལ་འདེབས་བསམ་པ་མྱུར་འགྲུབ་མ།  (3 block(s)) ===
  [1/1] ^2,^4,^5  (3 blk, 603 src, 1048 ctx) … 31.19s  Sinh ra bởi mãnh lực quả báo của các ác nghiệp đã tạ
  calls  1 for 3 block(s) recorded this run
  SUMMARY {"text": "གསོལ་འདེབས་བསམ་པ་མྱུར་འགྲུབ་མ།", "lang_tag": "vi", "blocks_total": 5, "blocks_done": 5, "new": 3, "calls": 1, "fallbacks": 0, "parity_failures": [], "failed": [], "stopped_at": null}

=== གསོལ་འདེབས་ལེའུ་བདུན་མ།  (36 block(s)) ===
  [2/5] ^71,^87,^93,^97,^98,^100,^101,^102  (8 blk, 1381 src, 3389 ctx) … 56.87s  Từ Bậc Hiện Viên Quốc vương Chemchok Heruka,
  [3/5] ^103,^112,^114,^115,^116,^117,^118,^119  (8 blk, 1691 src, 3670 ctx) … 45.85s  Trong thời kỳ mạt pháp năm trăm năm cuối, chúng sinh
  [4/5] ^120,^121,^122,^123,^124,^125,^126,^127  (8 blk, 1373 src, 4556 ctx) … 47.36s  Khi dịch bệnh đe dọa phá hủy huyễn thân của chúng si
  [5/5] ^128,^129,^130,^131  (4 blk, 794 src, 4264 ctx) … 30.52s  Một mai khi thọ mạng cạn kiệt và thời khắc tử vong đ
  calls  5 for 36 block(s) recorded this run
  SUMMARY {"text": "གསོལ་འདེབས་ལེའུ་བདུན་མ།", "lang_tag": "vi", "blocks_total": 131, "blocks_done": 131, "new": 36, "calls": 5, "fallbacks": 0, "parity_failures": [], "failed": [], "stopped_at": null}

=== ཆགས་མེད་བདེ་སྨོན།  (18 block(s)) ===
  [1/3] ^8,^9,^11,^12,^15,^16,^17,^18  (8 blk, 1399 src, 3166 ctx) … 52.46s  Từ hào quang tay phải hóa hiện Quán Thế Âm,
  [2/3] ^30,^38,^48,^51,^56,^58,^72,^73  (8 blk, 1340 src, 3078 ctx) … 67.39s  Nếu về sau không quyết tâm thọ trì thì chẳng thể tha
  [3/3] ^80,^85  (2 blk, 892 src, 3436 ctx) … 32.84s  Thọ lượng và công đức của Đức Như Lai,
  calls  3 for 18 block(s) recorded this run
  SUMMARY {"text": "ཆགས་མེད་བདེ་སྨོན།", "lang_tag": "vi", "blocks_total": 85, "blocks_done": 85, "new": 18, "calls": 3, "fallbacks": 0, "parity_failures": [], "failed": [], "stopped_at": null}

=== ཇོ་བོ་རྗེའི་བསྟོད་པ་ཕུན་སུམ་ཚོགས་པ་མ་བཞུགས་སོ།  (6 block(s)) ===
  [1/1] ^5,^6,^7,^8,^26,^33  (6 blk, 869 src, 1811 ctx) … 52.83s  Không luyến ái những dục lạc thế gian,
  calls  1 for 6 block(s) recorded this run
  SUMMARY {"text": "ཇོ་བོ་རྗེའི་བསྟོད་པ་ཕུན་སུམ་ཚོགས་པ་མ་བཞུགས་སོ།", "lang_tag": "vi", "blocks_total": 36, "blocks_done": 36, "new": 6, "calls": 1, "fallbacks": 0, "parity_failures": [], "failed": [], "stopped_at": null}

=== ཐུགས་རྗེ་ཆེན་པོའི་བསྒོམ་བཟླས་འགྲོ་དོན་མཁའ་ཁྱབ་མ་བཞུགས་སོ། །  (3 block(s)) ===
  [1/1] ^4,^23,^24  (3 blk, 631 src, 1831 ctx) … 18.21s  Ngài khoác da nai làm y thượng,
  calls  1 for 3 block(s) recorded this run
  SUMMARY {"text": "ཐུགས་རྗེ་ཆེན་པོའི་བསྒོམ་བཟླས་འགྲོ་དོན་མཁའ་ཁྱབ་མ་བཞུགས་སོ། །", "lang_tag": "vi", "blocks_total": 25, "blocks_done": 25, "new": 3, "calls": 1, "fallbacks": 0, "parity_failures": [], "failed": [], "stopped_at": null}

=== ཐུབ་བསྟན་རིས་མེད་རྒྱས་པའི་སྨོན་ལམ།  (3 block(s)) ===
  [1/1] ^1,^6,^7  (3 blk, 499 src, 616 ctx) … 42.55s  Bậc Toàn tri hiện thân Tứ thân, đấng Thái Dương Thân
  calls  1 for 3 block(s) recorded this run
  SUMMARY {"text": "ཐུབ་བསྟན་རིས་མེད་རྒྱས་པའི་སྨོན་ལམ།", "lang_tag": "vi", "blocks_total": 23, "blocks_done": 23, "new": 3, "calls": 1, "fallbacks": 0, "parity_failures": [], "failed": [], "stopped_at": null}

=== ཐོག་མཐའ་མ་བཞུགས་སོ།  (1 block(s)) ===
  [1/1] ^32  (1 blk, 143 src, 3063 ctx) … 16.23s  Như vậy, bài phát nguyện thiện lành ở phần đầu, phần
  calls  1 for 1 block(s) recorded this run
  SUMMARY {"text": "ཐོག་མཐའ་མ་བཞུགས་སོ།", "lang_tag": "vi", "blocks_total": 32, "blocks_done": 32, "new": 1, "calls": 1, "fallbacks": 0, "parity_failures": [], "failed": [], "stopped_at": null}

=== དགའ་ལྡན་ལྷ་བརྒྱ་མ་འདོད་གསོལ་སྨོན་ལམ་དང་བཅས་པ།  (2 block(s)) ===
  [1/1] ^8,^9  (2 blk, 350 src, 3358 ctx) … 28.68s  Bằng tất cả thiện căn công đức mà con đã tích lũy nà
  calls  1 for 2 block(s) recorded this run
  SUMMARY {"text": "དགའ་ལྡན་ལྷ་བརྒྱ་མ་འདོད་གསོལ་སྨོན་ལམ་དང་བཅས་པ།", "lang_tag": "vi", "blocks_total": 22, "blocks_done": 22, "new": 2, "calls": 1, "fallbacks": 0, "parity_failures": [], "failed": [], "stopped_at": null}

=== དགེ་སློང་མ་དཔལ་མོས་མཛད་པའི་འཕགས་པ་སྤྱན་རས་གཟིགས་དབང་ཕྱུག་གི་བསྟོད་པ།  (1 block(s)) ===
  [1/1] ^4  (1 blk, 174 src, 2093 ctx) … 17.29s  Bậc mang chuỗi ngọc trai vô cấu rạng ngời.
  calls  1 for 1 block(s) recorded this run
  SUMMARY {"text": "དགེ་སློང་མ་དཔལ་མོས་མཛད་པའི་འཕགས་པ་སྤྱན་རས་གཟིགས་དབང་ཕྱུག་གི་བསྟོད་པ།", "lang_tag": "vi", "blocks_total": 11, "blocks_done": 11, "new": 1, "calls": 1, "fallbacks": 0, "parity_failures": [], "failed": [], "stopped_at": null}

=== དགོངས་གཏེར་སྒྲོལ་མའི་ཟབ་ཏིག་ལས་མཎྜལ་ཆོ་ག་ཚོགས་གཉིས་སྙིང་པོ།  (6 block(s)) ===
  [1/1] ^2,^23,^32,^41,^46,^47  (6 blk, 831 src, 721 ctx) … 25.79s  Đấng Dẫn Đạo ba thời cùng chư Phật tử,
  calls  1 for 6 block(s) recorded this run
  SUMMARY {"text": "དགོངས་གཏེར་སྒྲོལ་མའི་ཟབ་ཏིག་ལས་མཎྜལ་ཆོ་ག་ཚོགས་གཉིས་སྙིང་པོ།", "lang_tag": "vi", "blocks_total": 49, "blocks_done": 49, "new": 6, "calls": 1, "fallbacks": 0, "parity_failures": [], "failed": [], "stopped_at": null}

=== དཔལ་གསང་བ་འདུས་པའི་བསྒོམ་བཟླས་རྒྱུན་འཁྱེར་བཞུགས་སོ། །  (2 block(s)) ===
  [1/1] ^7,^21  (2 blk, 2097 src, 3429 ctx) … 60.85s  (Sau đó,) Tự thân tức thời hiện khởi thành Dveshavaj
  calls  1 for 2 block(s) recorded this run
  SUMMARY {"text": "དཔལ་གསང་བ་འདུས་པའི་བསྒོམ་བཟླས་རྒྱུན་འཁྱེར་བཞུགས་སོ། །", "lang_tag": "vi", "blocks_total": 23, "blocks_done": 23, "new": 2, "calls": 1, "fallbacks": 0, "parity_failures": [], "failed": [], "stopped_at": null}

=== དཔལ་ནཱ་ལེནྡྲའི་པཎ་གྲུབ་བཅུ་བདུན་གྱི་གསོལ་འདེབས།  (2 block(s)) ===
  [1/1] ^8,^18  (2 blk, 310 src, 3353 ctx) … 30.4s  Tùy theo căn cơ đệ tử giảng bày đạo Trung Quán Nhị K
  calls  1 for 2 block(s) recorded this run
  SUMMARY {"text": "དཔལ་ནཱ་ལེནྡྲའི་པཎ་གྲུབ་བཅུ་བདུན་གྱི་གསོལ་འདེབས།", "lang_tag": "vi", "blocks_total": 26, "blocks_done": 26, "new": 2, "calls": 1, "fallbacks": 0, "parity_failures": [], "failed": [], "stopped_at": null}

=== དཔལ་ལྡན་ས་གསུམ་མ།  (2 block(s)) ===
  [1/1] ^3,^27  (2 blk, 308 src, 1428 ctx) … 39.73s  Trước đấng Chiến Thắng, ngài thọ nhận Bồ-tát hạnh,
  calls  1 for 2 block(s) recorded this run
  SUMMARY {"text": "དཔལ་ལྡན་ས་གསུམ་མ།", "lang_tag": "vi", "blocks_total": 39, "blocks_done": 39, "new": 2, "calls": 1, "fallbacks": 0, "parity_failures": [], "failed": [], "stopped_at": null}

=== དཔལ་ས་སྐྱ་པའི་བསྟན་པ་དར་ཞིང་རྒྱས་པའི་སྨོན་ལམ་འཇམ་དབྱངས་བླ་མ་དགྱེས་པའི་ཞལ་ལུང་ཞེས་བྱ་བ་བཞུགས་སོ། །  (2 block(s)) ===
  [1/1] ^2,^24  (2 blk, 326 src, 1249 ctx) … 25.37s  Đức Năng Nhân, Bát đại Bồ tát, Độ Mẫu và Liên Hoa Sa
  calls  1 for 2 block(s) recorded this run
  SUMMARY {"text": "དཔལ་ས་སྐྱ་པའི་བསྟན་པ་དར་ཞིང་རྒྱས་པའི་སྨོན་ལམ་འཇམ་དབྱངས་བླ་མ་དགྱེས་པའི་ཞལ་ལུང་ཞེས་བྱ་བ་བཞུགས་སོ། །", "lang_tag": "vi", "blocks_total": 28, "blocks_done": 28, "new": 2, "calls": 1, "fallbacks": 0, "parity_failures": [], "failed": [], "stopped_at": null}

=== དབང་སྡུད་གསོལ་འདེབས།  (1 block(s)) ===
  [1/1] ^5  (1 blk, 169 src, 2238 ctx) … 17.64s  Hồng quang bao trùm khắp luân hồi và niết bàn,
  calls  1 for 1 block(s) recorded this run
  SUMMARY {"text": "དབང་སྡུད་གསོལ་འདེབས།", "lang_tag": "vi", "blocks_total": 8, "blocks_done": 8, "new": 1, "calls": 1, "fallbacks": 0, "parity_failures": [], "failed": [], "stopped_at": null}

=== བཀའ་ཐང་བསྡུས་པ།  (8 block(s)) ===
  [1/3] ^9,^11,^15,^16,^22  (5 blk, 2476 src, 5808 ctx) … 65.99s  Emaho!
  [2/3] ^23  (1 blk, 531 src, 6060 ctx) … 42.36s  Emaho!
  [3/3] ^24,^25  (2 blk, 2975 src, 6766 ctx) … 104.72s  Từ thế hệ thứ tám và thứ mười ba của dòng dõi Quân v
  calls  3 for 8 block(s) recorded this run
  SUMMARY {"text": "བཀའ་ཐང་བསྡུས་པ།", "lang_tag": "vi", "blocks_total": 25, "blocks_done": 25, "new": 8, "calls": 3, "fallbacks": 0, "parity_failures": [], "failed": [], "stopped_at": null}

=== བདུད་བཟློག་གསང་བའི་མན་ངག  (1 block(s)) ===
  [1/1] ^5  (1 blk, 120 src, 2028 ctx) … 20.85s  Với tâm Di Lặc bình đẳng hướng đến muôn loài,
  calls  1 for 1 block(s) recorded this run
  SUMMARY {"text": "བདུད་བཟློག་གསང་བའི་མན་ངག", "lang_tag": "vi", "blocks_total": 8, "blocks_done": 8, "new": 1, "calls": 1, "fallbacks": 0, "parity_failures": [], "failed": [], "stopped_at": null}

=== བསམ་པ་ལྷུན་གྲུབ་མ་བཞུགས་སོ།  (18 block(s)) ===
  [1/3] ^1,^2,^3,^4,^5,^6,^7,^8  (8 blk, 2152 src, 551 ctx) … 53.18s  Kỳ diệu thay!
  [2/3] ^9,^10,^11,^12,^13,^14,^15,^16  (8 blk, 2068 src, 4947 ctx) … 50.17s  Khi khai mở phục tạng vì lợi ích của những chúng sin
  [3/3] ^17,^18  (2 blk, 540 src, 4756 ctx) … 21.2s  Hơn nữa, khi bị chi phối bởi nghiệp và duyên,
  calls  3 for 18 block(s) recorded this run
  SUMMARY {"text": "བསམ་པ་ལྷུན་གྲུབ་མ་བཞུགས་སོ།", "lang_tag": "vi", "blocks_total": 18, "blocks_done": 18, "new": 18, "calls": 3, "fallbacks": 0, "parity_failures": [], "failed": [], "stopped_at": null}

=== བསྟན་འབར་མ་བཞུགས་སོ།  (1 block(s)) ===
  [1/1] ^13  (1 blk, 127 src, 2594 ctx) … 16.89s  Thuở xưa đối với chúng sinh tội lỗi,
  calls  1 for 1 block(s) recorded this run
  SUMMARY {"text": "བསྟན་འབར་མ་བཞུགས་སོ།", "lang_tag": "vi", "blocks_total": 19, "blocks_done": 19, "new": 1, "calls": 1, "fallbacks": 0, "parity_failures": [], "failed": [], "stopped_at": null}

=== བོད་ཡུལ་བདེ་བའི་སྨོན་ལམ།  (2 block(s)) ===
  [1/1] ^1,^4  (2 blk, 438 src, 509 ctx) … 22.12s  Cội quy y không luống dối, Tam Bảo và Tam Căn,
  calls  1 for 2 block(s) recorded this run
  SUMMARY {"text": "བོད་ཡུལ་བདེ་བའི་སྨོན་ལམ།", "lang_tag": "vi", "blocks_total": 6, "blocks_done": 6, "new": 2, "calls": 1, "fallbacks": 0, "parity_failures": [], "failed": [], "stopped_at": null}

=== བྱམས་པའི་སྨོན་ལམ།  (2 block(s)) ===
  [1/1] ^1,^11  (2 blk, 216 src, 447 ctx) … 28.06s  Tiếng Ấn Độ: Arya Maitri Pranidhana Raja
  calls  1 for 2 block(s) recorded this run
  SUMMARY {"text": "བྱམས་པའི་སྨོན་ལམ།", "lang_tag": "vi", "blocks_total": 27, "blocks_done": 27, "new": 2, "calls": 1, "fallbacks": 0, "parity_failures": [], "failed": [], "stopped_at": null}

=== བྱིས་པའི་འབུམ་ཆུང་བཞུགས་སོ།།  (2 block(s)) ===
  [1/1] ^1,^7  (2 blk, 550 src, 441 ctx) … 28.37s  Bằng Phạn ngữ: Śatasāhasrikā Prajñāpāramitā. Bằng ti
  calls  1 for 2 block(s) recorded this run
  SUMMARY {"text": "བྱིས་པའི་འབུམ་ཆུང་བཞུགས་སོ།།", "lang_tag": "vi", "blocks_total": 9, "blocks_done": 9, "new": 2, "calls": 1, "fallbacks": 0, "parity_failures": [], "failed": [], "stopped_at": null}

=== བླ་མ་རྒྱང་འབོད་མོས་གུས་སྙིང་གི་གཟེར་འདེབས་བཞུགས་སོ།  (5 block(s)) ===
  [1/1] ^1,^4,^7,^28,^53  (5 blk, 905 src, 552 ctx) … 37.99s  Namo Guruve! Dù "Hô gọi Đạo sư từ phương xa" đã quá 
  calls  1 for 5 block(s) recorded this run
  SUMMARY {"text": "བླ་མ་རྒྱང་འབོད་མོས་གུས་སྙིང་གི་གཟེར་འདེབས་བཞུགས་སོ།", "lang_tag": "vi", "blocks_total": 54, "blocks_done": 54, "new": 5, "calls": 1, "fallbacks": 0, "parity_failures": [], "failed": [], "stopped_at": null}

=== མི་ཁའི་བཟློག་བསྒྱུར།  (3 block(s)) ===
  [1/1] ^42,^47,^59  (3 blk, 311 src, 2527 ctx) … 21.7s  Nếu thân Ác khẩu không có đầu,
  calls  1 for 3 block(s) recorded this run
  SUMMARY {"text": "མི་ཁའི་བཟློག་བསྒྱུར།", "lang_tag": "vi", "blocks_total": 75, "blocks_done": 75, "new": 3, "calls": 1, "fallbacks": 0, "parity_failures": [], "failed": [], "stopped_at": null}

=== ཚིག་བདུན་གསོལ་འདེབས།  (1 block(s)) ===
  [1/1] ^1  (1 blk, 236 src, 449 ctx) … 30.01s  Hum
  calls  1 for 1 block(s) recorded this run
  SUMMARY {"text": "ཚིག་བདུན་གསོལ་འདེབས།", "lang_tag": "vi", "blocks_total": 1, "blocks_done": 1, "new": 1, "calls": 1, "fallbacks": 0, "parity_failures": [], "failed": [], "stopped_at": null}

=== ཚེས་བཅུའི་ཕན་ཡོན་གསོལ་འདེབས།  (2 block(s)) ===
  [1/1] ^3,^7  (2 blk, 258 src, 1254 ctx) … 34.61s  Nơi Xứ Tuyết này, bởi Bồ tát Quán Thế Âm,
  calls  1 for 2 block(s) recorded this run
  SUMMARY {"text": "ཚེས་བཅུའི་ཕན་ཡོན་གསོལ་འདེབས།", "lang_tag": "vi", "blocks_total": 14, "blocks_done": 14, "new": 2, "calls": 1, "fallbacks": 0, "parity_failures": [], "failed": [], "stopped_at": null}

=== འཆི་ཁར་ཕན་པའི་གདམས་ངག་ཉམས་ལེན་གྱི་སྙིང་པོ་ཞེས་བྱ་བ་བཞུགས་སོ།།  (1 block(s)) ===
  [1/1] ^9  (1 blk, 256 src, 3080 ctx) … 29.19s  Với sự quán tưởng rõ ràng, hãy trì tụng danh hiệu Ph
  calls  1 for 1 block(s) recorded this run
  SUMMARY {"text": "འཆི་ཁར་ཕན་པའི་གདམས་ངག་ཉམས་ལེན་གྱི་སྙིང་པོ་ཞེས་བྱ་བ་བཞུགས་སོ།།", "lang_tag": "vi", "blocks_total": 9, "blocks_done": 9, "new": 1, "calls": 1, "fallbacks": 0, "parity_failures": [], "failed": [], "stopped_at": null}

=== འཇམ་དཔལ་རྫོགས་པ་ཆེན་པོའི་སྨོན་ལམ།  (1 block(s)) ===
  [1/1] ^21  (1 blk, 851 src, 3126 ctx) … 56.28s  Bài nguyện này, với duyên khởi là lời thỉnh cầu của 
  calls  1 for 1 block(s) recorded this run
  SUMMARY {"text": "འཇམ་དཔལ་རྫོགས་པ་ཆེན་པོའི་སྨོན་ལམ།", "lang_tag": "vi", "blocks_total": 21, "blocks_done": 21, "new": 1, "calls": 1, "fallbacks": 0, "parity_failures": [], "failed": [], "stopped_at": null}

=== འཇམ་དབྱངས་ཀྱི་བསྟོད་པ་གང་བློ་མ་བཞུགས་སོ།  (1 block(s)) ===
  [1/1] ^3  (1 blk, 287 src, 1393 ctx) … 34.14s  Âm vang như sấm rền thức tỉnh giấc ngủ phiền não, đậ
  calls  1 for 1 block(s) recorded this run
  SUMMARY {"text": "འཇམ་དབྱངས་ཀྱི་བསྟོད་པ་གང་བློ་མ་བཞུགས་སོ།", "lang_tag": "vi", "blocks_total": 5, "blocks_done": 5, "new": 1, "calls": 1, "fallbacks": 0, "parity_failures": [], "failed": [], "stopped_at": null}

=== འཇམ་མགོན་བླ་མ་ཙོང་ཁ་པ་ཆེན་པོས་མཛད་པའི་བློ་སྦྱོང་སྙན་ངག་སྒྲ་རྒྱན་བཞུགས་སོ།  (2 block(s)) ===
  [1/1] ^21,^25  (2 blk, 324 src, 3594 ctx) … 22.08s  Chính là bồn chứa tích tụ những tội chướng nhơ nhuốc
  calls  1 for 2 block(s) recorded this run
  SUMMARY {"text": "འཇམ་མགོན་བླ་མ་ཙོང་ཁ་པ་ཆེན་པོས་མཛད་པའི་བློ་སྦྱོང་སྙན་ངག་སྒྲ་རྒྱན་བཞུགས་སོ།", "lang_tag": "vi", "blocks_total": 27, "blocks_done": 27, "new": 2, "calls": 1, "fallbacks": 0, "parity_failures": [], "failed": [], "stopped_at": null}

=== འཕགས་པ་ཐུགས་རྗེ་ཆེན་པོ་ལ་བསྟོད་ཅིང་གསོལ་བ་འདེབས་པ་ཕན་བདེའི་ཆར་འབེབས་ཞེས་བྱ་བ་བཞུགས་སོ།  (3 block(s)) ===
  [1/1] ^5,^7,^9  (3 blk, 752 src, 3189 ctx) … 57.81s  Tôn nhan Ngài thị hiện tuyệt mỹ tựa mạn-đà-la bạch l
  calls  1 for 3 block(s) recorded this run
  SUMMARY {"text": "འཕགས་པ་ཐུགས་རྗེ་ཆེན་པོ་ལ་བསྟོད་ཅིང་གསོལ་བ་འདེབས་པ་ཕན་བདེའི་ཆར་འབེབས་ཞེས་བྱ་བ་བཞུགས་སོ།", "lang_tag": "vi", "blocks_total": 27, "blocks_done": 27, "new": 3, "calls": 1, "fallbacks": 0, "parity_failures": [], "failed": [], "stopped_at": null}

=== འཕགས་པ་བཀྲ་ཤིས་བརྒྱད་པ།  (1 block(s)) ===
  [1/1] ^2  (1 blk, 159 src, 967 ctx) … 48.34s  Nhiên Đăng Vương, Kiên Cố Thành Tựu Ý,
  calls  1 for 1 block(s) recorded this run
  SUMMARY {"text": "འཕགས་པ་བཀྲ་ཤིས་བརྒྱད་པ།", "lang_tag": "vi", "blocks_total": 10, "blocks_done": 10, "new": 1, "calls": 1, "fallbacks": 0, "parity_failures": [], "failed": [], "stopped_at": null}

=== འཕགས་པ་བཟང་པོ་སྤྱོད་པའི་སྨོན་ལམ་གྱི་རྒྱལ་པོ།  (2 block(s)) ===
  [1/1] ^38,^64  (2 blk, 305 src, 3070 ctx) … 40.14s  Với sức mạnh thần thông vô cùng mau lẹ,
  calls  1 for 2 block(s) recorded this run
  SUMMARY {"text": "འཕགས་པ་བཟང་པོ་སྤྱོད་པའི་སྨོན་ལམ་གྱི་རྒྱལ་པོ།", "lang_tag": "vi", "blocks_total": 66, "blocks_done": 66, "new": 2, "calls": 1, "fallbacks": 0, "parity_failures": [], "failed": [], "stopped_at": null}

=== ཡོན་ཏན་གཞིར་གྱུར་མ་བཞུགས་སོ།  (1 block(s)) ===
  [1/1] ^14  (1 blk, 144 src, 3193 ctx) … 17.41s  Nguyện trong mọi kiếp sống cùng bậc Đạo sư chân chín
  calls  1 for 1 block(s) recorded this run
  SUMMARY {"text": "ཡོན་ཏན་གཞིར་གྱུར་མ་བཞུགས་སོ།", "lang_tag": "vi", "blocks_total": 14, "blocks_done": 14, "new": 1, "calls": 1, "fallbacks": 0, "parity_failures": [], "failed": [], "stopped_at": null}

=== རི་བོ་བསངས་མཆོད་བཞུགས་སོ༔  (1 block(s)) ===
  [1/1] ^4  (1 blk, 146 src, 1897 ctx) … 21.67s  Những chủ nhân chướng khí, quỷ gây điên loạn, nam qu
  calls  1 for 1 block(s) recorded this run
  SUMMARY {"text": "རི་བོ་བསངས་མཆོད་བཞུགས་སོ༔", "lang_tag": "vi", "blocks_total": 17, "blocks_done": 17, "new": 1, "calls": 1, "fallbacks": 0, "parity_failures": [], "failed": [], "stopped_at": null}

=== རྒྱ་ནག་པོའི་སྐག་ཟློག་ཅེས་བྱ་བ་བཞུགས་སོ།།  (2 block(s)) ===
  [1/1] ^35,^42  (2 blk, 585 src, 4784 ctx) … 48.4s  Xin đẩy lùi tai hại ở cửu niên thứ năm, bốn mươi lăm
  calls  1 for 2 block(s) recorded this run
  SUMMARY {"text": "རྒྱ་ནག་པོའི་སྐག་ཟློག་ཅེས་བྱ་བ་བཞུགས་སོ།།", "lang_tag": "vi", "blocks_total": 49, "blocks_done": 49, "new": 2, "calls": 1, "fallbacks": 0, "parity_failures": [], "failed": [], "stopped_at": null}

=== རྒྱལ་ཁམས་བདེ་བའི་སྨོན་ལམ།  (2 block(s)) ===
  [1/1] ^1,^2  (2 blk, 443 src, 440 ctx) … 26.37s  Om Ah Hum Vajra Guru Padma Siddhi Hum
  calls  1 for 2 block(s) recorded this run
  SUMMARY {"text": "རྒྱལ་ཁམས་བདེ་བའི་སྨོན་ལམ།", "lang_tag": "vi", "blocks_total": 4, "blocks_done": 4, "new": 2, "calls": 1, "fallbacks": 0, "parity_failures": [], "failed": [], "stopped_at": null}

=== རྒྱལ་བའི་དབང་པོ་ཀློང་ཆེན་རབ་འབྱམས་ལ་བསྟོད་པ།  (1 block(s)) ===
  [1/1] ^12  (1 blk, 265 src, 3911 ctx) … 21.7s  Cõi hạ giới của thời mạt pháp tranh ác và vô lượng c
  calls  1 for 1 block(s) recorded this run
  SUMMARY {"text": "རྒྱལ་བའི་དབང་པོ་ཀློང་ཆེན་རབ་འབྱམས་ལ་བསྟོད་པ།", "lang_tag": "vi", "blocks_total": 15, "blocks_done": 15, "new": 1, "calls": 1, "fallbacks": 0, "parity_failures": [], "failed": [], "stopped_at": null}

=== རྗེ་གསང་བའི་རྣམ་ཐར།  (3 block(s)) ===
  [1/1] ^14,^15,^44  (3 blk, 470 src, 3046 ctx) … 24.88s  Thọ ký thành tựu sự nghiệp của Đấng Chiến Thắng,
  calls  1 for 3 block(s) recorded this run
  SUMMARY {"text": "རྗེ་གསང་བའི་རྣམ་ཐར།", "lang_tag": "vi", "blocks_total": 51, "blocks_done": 51, "new": 3, "calls": 1, "fallbacks": 0, "parity_failures": [], "failed": [], "stopped_at": null}

=== སྒྲོལ་བསྟོད་སྐྱབས་བདུན་མ།  (2 block(s)) ===
  [1/1] ^1,^8  (2 blk, 340 src, 460 ctx) … 29.19s  Nơi Pháp giới vô sinh,
  calls  1 for 2 block(s) recorded this run
  SUMMARY {"text": "སྒྲོལ་བསྟོད་སྐྱབས་བདུན་མ།", "lang_tag": "vi", "blocks_total": 8, "blocks_done": 8, "new": 2, "calls": 1, "fallbacks": 0, "parity_failures": [], "failed": [], "stopped_at": null}

=== སྒྲོལ་མ་ཉེར་གཅིག་ལ་བསྟོད་པ།  (3 block(s)) ===
  [1/1] ^13,^14,^29  (3 blk, 349 src, 2646 ctx) … 25.19s  Kính lễ Độ Mẫu, chư thần hộ địa,
  calls  1 for 3 block(s) recorded this run
  SUMMARY {"text": "སྒྲོལ་མ་ཉེར་གཅིག་ལ་བསྟོད་པ།", "lang_tag": "vi", "blocks_total": 29, "blocks_done": 29, "new": 3, "calls": 1, "fallbacks": 0, "parity_failures": [], "failed": [], "stopped_at": null}

=== སྒྲོལ་མ་ཙིཏྟཱ་མ་ཎི་ལ་བརྟེན་པའི་ཐུན་མོང་མ་ཡིན་པའི་བླ་མའི་རྣལ་འབྱོར་ཐར་པར་བགྲོད་པའི་ཐེམ་སྐས་ཞེས་བྱ་བ་བཞུགས་སོ། །  (1 block(s)) ===
  [1/1] ^1  (1 blk, 159 src, 577 ctx) … 18.43s  Trên đỉnh đầu thân phàm của con, ngự trên toà sen mặ
  calls  1 for 1 block(s) recorded this run
  SUMMARY {"text": "སྒྲོལ་མ་ཙིཏྟཱ་མ་ཎི་ལ་བརྟེན་པའི་ཐུན་མོང་མ་ཡིན་པའི་བླ་མའི་རྣལ་འབྱོར་ཐར་པར་བགྲོད་པའི་ཐེམ་སྐས་ཞེས་བྱ་བ་བཞུགས་སོ། །", "lang_tag": "vi", "blocks_total": 11, "blocks_done": 11, "new": 1, "calls": 1, "fallbacks": 0, "parity_failures": [], "failed": [], "stopped_at": null}

=== སྤྱོད་འཇུག་སྨོན་ལམ་བཞུགས་སོ།  (1 block(s)) ===
  [1/1] ^47  (1 blk, 121 src, 2813 ctx) … 27.55s  Nguyện hết thảy chúng sinh vô số lần,
  calls  1 for 1 block(s) recorded this run
  SUMMARY {"text": "སྤྱོད་འཇུག་སྨོན་ལམ་བཞུགས་སོ།", "lang_tag": "vi", "blocks_total": 56, "blocks_done": 56, "new": 1, "calls": 1, "fallbacks": 0, "parity_failures": [], "failed": [], "stopped_at": null}

=== སློབ་དཔོན་རིན་པོ་ཆེའི་མཚན་སྔགས།  (1 block(s)) ===
  [1/1] ^1  (1 blk, 135 src, 492 ctx) … 18.74s  Đại Pandita Ấn Độ, ân đức lớn lao với Tây Tạng,
  calls  1 for 1 block(s) recorded this run
  SUMMARY {"text": "སློབ་དཔོན་རིན་པོ་ཆེའི་མཚན་སྔགས།", "lang_tag": "vi", "blocks_total": 3, "blocks_done": 3, "new": 1, "calls": 1, "fallbacks": 0, "parity_failures": [], "failed": [], "stopped_at": null}

=== ཨོ་རྒྱན་རིན་པོ་ཆེའི་ཞལ་ཆེམས་གསོལ་འདེབས་བཞུགས༔  (3 block(s)) ===
  [1/1] ^3,^6,^8  (3 blk, 443 src, 1454 ctx) … 38.65s  Bản tôn của Công đức là Tôn thắng Chemchok Heruka,
  calls  1 for 3 block(s) recorded this run
  SUMMARY {"text": "ཨོ་རྒྱན་རིན་པོ་ཆེའི་ཞལ་ཆེམས་གསོལ་འདེབས་བཞུགས༔", "lang_tag": "vi", "blocks_total": 8, "blocks_done": 8, "new": 3, "calls": 1, "fallbacks": 0, "parity_failures": [], "failed": [], "stopped_at": null}

stamp: ids: 0 source notes, 47 translation files updated | track-meta: 47 translation files updated | titles: 47 translation files updated

after re-run:
  གསོལ་འདེབས་ལེའུ་བདུན་མ།                      1 block(s): ^68
  དགེ་སློང་མ་དཔལ་མོས་མཛད་པའི་འཕགས་པ་སྤྱན་ར     1 block(s): ^4
  དབང་སྡུད་གསོལ་འདེབས།                         1 block(s): ^5
  བཀའ་ཐང་བསྡུས་པ།                              2 block(s): ^24, ^25
  བསྟན་འབར་མ་བཞུགས་སོ།                         1 block(s): ^13
  བོད་ཡུལ་བདེ་བའི་སྨོན་ལམ།                     1 block(s): ^4
  བྱམས་པའི་སྨོན་ལམ།                            1 block(s): ^11
  བྱིས་པའི་འབུམ་ཆུང་བཞུགས་སོ།།                 1 block(s): ^7
  བླ་མ་རྒྱང་འབོད་མོས་གུས་སྙིང་གི་གཟེར་འདེབ     4 block(s): ^1, ^7, ^28, ^53
  མི་ཁའི་བཟློག་བསྒྱུར།                         3 block(s): ^42, ^47, ^59
  འཆི་ཁར་ཕན་པའི་གདམས་ངག་ཉམས་ལེན་གྱི་སྙིང་པ     1 block(s): ^9
  འཇམ་དབྱངས་ཀྱི་བསྟོད་པ་གང་བློ་མ་བཞུགས་སོ།     1 block(s): ^3
  འཇམ་མགོན་བླ་མ་ཙོང་ཁ་པ་ཆེན་པོས་མཛད་པའི་བླ     1 block(s): ^21
  འཕགས་པ་ཐུགས་རྗེ་ཆེན་པོ་ལ་བསྟོད་ཅིང་གསོལ་     1 block(s): ^5
  འཕགས་པ་བཟང་པོ་སྤྱོད་པའི་སྨོན་ལམ་གྱི་རྒྱལ     1 block(s): ^38
  རི་བོ་བསངས་མཆོད་བཞུགས་སོ༔                    1 block(s): ^4
  རྒྱ་ནག་པོའི་སྐག་ཟློག་ཅེས་བྱ་བ་བཞུགས་སོ།།     1 block(s): ^35
  རྒྱལ་བའི་དབང་པོ་ཀློང་ཆེན་རབ་འབྱམས་ལ་བསྟོ     1 block(s): ^12
24 block(s) in 18 text(s) lack a canonical name form (of 466 name occurrences)
exit 0
