  གཏོར་མ་ཆ་གསུམ་བཞུགས་སོ།                      2 block(s): ^1, ^13
  གསོལ་འདེབས་བར་ཆད་ལམ་སེལ།                     5 block(s): ^1, ^11, ^17, ^21, ^24
  གསོལ་འདེབས་ལེའུ་བདུན་མ།                     41 block(s): ^4, ^6, ^10, ^12, ^16, ^17, ^22, ^25, ^31, ^32, ^37, ^51, ^54, ^64, ^6
  ཆགས་མེད་བདེ་སྨོན།                           21 block(s): ^2, ^9, ^11, ^12, ^14, ^15, ^16, ^17, ^18, ^30, ^38, ^48, ^51, ^56, ^5
  ཆོ་འཕྲུལ་གྱི་བསྟོད་པ།                        1 block(s): ^11
  ཇོ་བོ་རྗེའི་བསྟོད་པ་ཕུན་སུམ་ཚོགས་པ་མ་བཞུ     1 block(s): ^36
  ཐུགས་རྗེ་ཆེན་པོའི་བསྒོམ་བཟླས་འགྲོ་དོན་མཁ     1 block(s): ^4
  ཐུབ་བསྟན་རིས་མེད་རྒྱས་པའི་སྨོན་ལམ།           3 block(s): ^1, ^6, ^9
  ཐོག་མཐའ་མ་བཞུགས་སོ།                          1 block(s): ^32
  དགའ་ལྡན་ལྷ་བརྒྱ་མ་འདོད་གསོལ་སྨོན་ལམ་དང་བ     2 block(s): ^8, ^9
  དགེ་སློང་མ་དཔལ་མོས་མཛད་པའི་འཕགས་པ་སྤྱན་ར     1 block(s): ^4
  དགོངས་གཏེར་སྒྲོལ་མའི་ཟབ་ཏིག་ལས་མཎྜལ་ཆོ་ག     1 block(s): ^23
  དཔལ་གསང་བ་འདུས་པའི་བསྒོམ་བཟླས་རྒྱུན་འཁྱེ     5 block(s): ^7, ^14, ^17, ^18, ^21
  དཔལ་ནཱ་ལེནྡྲའི་པཎ་གྲུབ་བཅུ་བདུན་གྱི་གསོལ     3 block(s): ^8, ^18, ^26
  དཔལ་ལྡན་ས་གསུམ་མ།                            6 block(s): ^3, ^21, ^27, ^36, ^38, ^39
  དཔལ་ས་སྐྱ་པའི་བསྟན་པ་དར་ཞིང་རྒྱས་པའི་སྨོ     3 block(s): ^3, ^8, ^24
  དབང་སྡུད་གསོལ་འདེབས།                         1 block(s): ^5
  དམིགས་བརྩེ་མ།                                1 block(s): ^1
  པདྨ་མཁའ་འགྲོའི་རིགས་བྱེད་རྩལ་གྱི་བསང་མཆོ     1 block(s): ^2
  བཀའ་ཐང་བསྡུས་པ།                             13 block(s): ^4, ^8, ^10, ^11, ^14, ^15, ^16, ^18, ^19, ^22, ^23, ^24, ^25
  བདུད་བཟློག་གསང་བའི་མན་ངག                     1 block(s): ^5
  བསམ་པ་ལྷུན་གྲུབ་མ་བཞུགས་སོ།                 18 block(s): ^1, ^2, ^3, ^4, ^5, ^6, ^7, ^8, ^9, ^10, ^11, ^12, ^13, ^14, ^15, ^16,
  བསྟན་འབར་མ་བཞུགས་སོ།                         3 block(s): ^1, ^13, ^18
  བོད་ཡུལ་བདེ་བའི་སྨོན་ལམ།                     1 block(s): ^4
  བྱང་ཆུབ་སེམས་དཔའི་ལྟུང་བ་བཤགས་པ།             1 block(s): ^3
  བྱམས་པའི་སྨོན་ལམ།                            1 block(s): ^11
  བྱིས་པའི་འབུམ་ཆུང་བཞུགས་སོ།།                 2 block(s): ^3, ^7
  བླ་མ་རྒྱང་འབོད་མོས་གུས་སྙིང་གི་གཟེར་འདེབ     4 block(s): ^1, ^7, ^28, ^53
  མཁས་གྲུབ་རྗེའི་བསྟོད་པ།                      2 block(s): ^4, ^6
  མཎྜལ།                                        1 block(s): ^3
  མི་ཁའི་བཟློག་བསྒྱུར།                         5 block(s): ^25, ^39, ^42, ^47, ^59
  ཚིག་བདུན་གསོལ་འདེབས།                         1 block(s): ^1
  ཚེས་བཅུའི་ཕན་ཡོན་གསོལ་འདེབས།                 3 block(s): ^3, ^7, ^14
  ཞབས་བརྟན་གསོལ་འདེབས་འཆི་མེད་གྲུབ་པ་ཞེས་བ     2 block(s): ^3, ^15
  འཆི་ཁར་ཕན་པའི་གདམས་ངག་ཉམས་ལེན་གྱི་སྙིང་པ     6 block(s): ^1, ^3, ^4, ^5, ^6, ^9
  འཇམ་དབྱངས་ཀྱི་བསྟོད་པ་གང་བློ་མ་བཞུགས་སོ།     1 block(s): ^3
  འཇམ་མགོན་བླ་མ་ཙོང་ཁ་པ་ཆེན་པོས་མཛད་པའི་བླ     2 block(s): ^21, ^25
  འཕགས་པ་ཐུགས་རྗེ་ཆེན་པོ་ལ་བསྟོད་ཅིང་གསོལ་     2 block(s): ^5, ^7
  འཕགས་པ་བཀྲ་ཤིས་བརྒྱད་པ།                      2 block(s): ^2, ^4
  འཕགས་པ་བཟང་པོ་སྤྱོད་པའི་སྨོན་ལམ་གྱི་རྒྱལ     5 block(s): ^38, ^52, ^57, ^64, ^65
  ཡོན་ཏན་གཞིར་གྱུར་མ་བཞུགས་སོ།                 1 block(s): ^14
  རི་བོ་བསངས་མཆོད་བཞུགས་སོ༔                    1 block(s): ^4
  རྒྱ་ནག་པོའི་སྐག་ཟློག་ཅེས་བྱ་བ་བཞུགས་སོ།།     2 block(s): ^35, ^42
  རྒྱལ་ཁམས་བདེ་བའི་སྨོན་ལམ།                    2 block(s): ^1, ^2
  རྒྱལ་བ་ཚེ་དཔག་མེད་ཀྱི་མཚན་སྔགས།              2 block(s): ^1, ^3
  རྒྱལ་བའི་དབང་པོ་ཀློང་ཆེན་རབ་འབྱམས་ལ་བསྟོ     1 block(s): ^12
  རྗེ་གསང་བའི་རྣམ་ཐར།                          3 block(s): ^14, ^40, ^44
  ལམ་གཙོ་རྣམ་གསུམ།                             1 block(s): ^16
  སྒྲོལ་མ་ཉེར་གཅིག་ལ་བསྟོད་པ།                  2 block(s): ^13, ^14
  སྤྱོད་འཇུག་སྨོན་ལམ་བཞུགས་སོ།                 1 block(s): ^47
  སློབ་དཔོན་ཐུགས་རྗེ་ཅན་གྱི་ཐུགས་དམ་གནད་ནས     1 block(s): ^4
  སློབ་དཔོན་རིན་པོ་ཆེའི་མཚན་སྔགས།              2 block(s): ^1, ^3
  ཨོ་རྒྱན་རིན་པོ་ཆེའི་ཞལ་ཆེམས་གསོལ་འདེབས་བ     4 block(s): ^1, ^3, ^6, ^8
199 block(s) in 53 text(s) lack a canonical name form (of 466 name occurrences)

=== གཏོར་མ་ཆ་གསུམ་བཞུགས་སོ།  (2 block(s)) ===
  [1/1] ^1,^13  (2 blk, 189 src, 443 ctx) … 30.73s  Цогт Базарсад дор мөргөмү.
  calls  1 for 2 block(s) recorded this run
  SUMMARY {"text": "གཏོར་མ་ཆ་གསུམ་བཞུགས་སོ།", "lang_tag": "mn", "blocks_total": 47, "blocks_done": 47, "new": 2, "calls": 1, "fallbacks": 0, "parity_failures": [], "failed": [], "stopped_at": null}

=== གསོལ་འདེབས་བར་ཆད་ལམ་སེལ།  (5 block(s)) ===
  [1/1] ^1,^11,^17,^21,^24  (5 blk, 1405 src, 554 ctx) … 45.46s  Ум аа хум базар гуру бадмэ сиди хум
  calls  1 for 5 block(s) recorded this run
  SUMMARY {"text": "གསོལ་འདེབས་བར་ཆད་ལམ་སེལ།", "lang_tag": "mn", "blocks_total": 24, "blocks_done": 24, "new": 5, "calls": 1, "fallbacks": 0, "parity_failures": [], "failed": [], "stopped_at": null}

=== གསོལ་འདེབས་ལེའུ་བདུན་མ།  (41 block(s)) ===
  [3/6] ^76,^77,^87,^91,^93,^97,^105,^114  (8 blk, 1510 src, 3268 ctx) … 63.91s  Доржхрагтүний тааллаар,
  [4/6] ^115,^116,^117,^118,^119,^120,^121,^122  (8 blk, 1550 src, 3262 ctx) … 70.86s  Хаан Трисон Дэцэнээс хойш,
  [5/6] ^123,^124,^125,^126,^127,^128,^129,^130  (8 blk, 1380 src, 4036 ctx) … 63.66s  Далд орон, ой хөвч, аглаг газарт хүрэх үед,
  [6/6] ^131  (1 blk, 273 src, 4012 ctx) … 17.78s  Зургаан зүйлийн амьтан их зовлонд автах ба,
  calls  6 for 41 block(s) recorded this run
  SUMMARY {"text": "གསོལ་འདེབས་ལེའུ་བདུན་མ།", "lang_tag": "mn", "blocks_total": 131, "blocks_done": 131, "new": 41, "calls": 6, "fallbacks": 0, "parity_failures": [], "failed": [], "stopped_at": null}

=== ཆགས་མེད་བདེ་སྨོན།  (21 block(s)) ===
  [1/3] ^2,^9,^11,^12,^14,^15,^16,^17  (8 blk, 1258 src, 1043 ctx) … 45.38s  Бидний усан нүдэнд үл үзэгдэх ч,
  [2/3] ^18,^30,^38,^48,^51,^56,^58,^62  (8 blk, 1531 src, 3089 ctx) … 59.42s  Өөрийн бие хийгээд эд баялаг, буяны үндэс лугаа хамт
  [3/3] ^72,^73,^79,^80,^85  (5 blk, 1351 src, 4494 ctx) … 43.73s  Тэр оронд төгс туулсан бурхан Авид,
  calls  3 for 21 block(s) recorded this run
  SUMMARY {"text": "ཆགས་མེད་བདེ་སྨོན།", "lang_tag": "mn", "blocks_total": 85, "blocks_done": 85, "new": 21, "calls": 3, "fallbacks": 0, "parity_failures": [], "failed": [], "stopped_at": null}

=== ཆོ་འཕྲུལ་གྱི་བསྟོད་པ།  (1 block(s)) ===
  [1/1] ^11  (1 blk, 154 src, 2848 ctx) … 29.59s  Шинийн найманд Хурмаст тахил өргөхүй дор
  calls  1 for 1 block(s) recorded this run
  SUMMARY {"text": "ཆོ་འཕྲུལ་གྱི་བསྟོད་པ།", "lang_tag": "mn", "blocks_total": 20, "blocks_done": 20, "new": 1, "calls": 1, "fallbacks": 0, "parity_failures": [], "failed": [], "stopped_at": null}

=== ཇོ་བོ་རྗེའི་བསྟོད་པ་ཕུན་སུམ་ཚོགས་པ་མ་བཞུགས་སོ།  (1 block(s)) ===
  [1/1] ^36  (1 blk, 149 src, 2954 ctx) … 24.06s  Төрөл бүхэндээ Жовоо эцэг хөвгүүдтэй
  calls  1 for 1 block(s) recorded this run
  SUMMARY {"text": "ཇོ་བོ་རྗེའི་བསྟོད་པ་ཕུན་སུམ་ཚོགས་པ་མ་བཞུགས་སོ།", "lang_tag": "mn", "blocks_total": 36, "blocks_done": 36, "new": 1, "calls": 1, "fallbacks": 0, "parity_failures": [], "failed": [], "stopped_at": null}

=== ཐུགས་རྗེ་ཆེན་པོའི་བསྒོམ་བཟླས་འགྲོ་དོན་མཁའ་ཁྱབ་མ་བཞུགས་སོ། །  (1 block(s)) ===
  [1/1] ^4  (1 blk, 169 src, 1839 ctx) … 19.96s  Гөрөөсний арьсан цээживч нөмөрсөн
  calls  1 for 1 block(s) recorded this run
  SUMMARY {"text": "ཐུགས་རྗེ་ཆེན་པོའི་བསྒོམ་བཟླས་འགྲོ་དོན་མཁའ་ཁྱབ་མ་བཞུགས་སོ། །", "lang_tag": "mn", "blocks_total": 25, "blocks_done": 25, "new": 1, "calls": 1, "fallbacks": 0, "parity_failures": [], "failed": [], "stopped_at": null}

=== ཐུབ་བསྟན་རིས་མེད་རྒྱས་པའི་སྨོན་ལམ།  (3 block(s)) ===
  [1/1] ^1,^6,^9  (3 blk, 502 src, 606 ctx) … 34.15s  Дөрвөн лагшингийн мөн чанарт хамгийг айлдагч Нарны с
  calls  1 for 3 block(s) recorded this run
  SUMMARY {"text": "ཐུབ་བསྟན་རིས་མེད་རྒྱས་པའི་སྨོན་ལམ།", "lang_tag": "mn", "blocks_total": 23, "blocks_done": 23, "new": 3, "calls": 1, "fallbacks": 0, "parity_failures": [], "failed": [], "stopped_at": null}

=== ཐོག་མཐའ་མ་བཞུགས་སོ།  (1 block(s)) ===
  [1/1] ^32  (1 blk, 143 src, 2870 ctx) … 15.28s  Хэмээх эхэн ба дунд ба адагт буянт энэхүү ерөөлийг о
  calls  1 for 1 block(s) recorded this run
  SUMMARY {"text": "ཐོག་མཐའ་མ་བཞུགས་སོ།", "lang_tag": "mn", "blocks_total": 32, "blocks_done": 32, "new": 1, "calls": 1, "fallbacks": 0, "parity_failures": [], "failed": [], "stopped_at": null}

=== དགའ་ལྡན་ལྷ་བརྒྱ་མ་འདོད་གསོལ་སྨོན་ལམ་དང་བཅས་པ།  (2 block(s)) ===
  [1/1] ^8,^9  (2 blk, 350 src, 3251 ctx) … 29.5s  Миний хураасан энэ мэт буян бүхнээр
  calls  1 for 2 block(s) recorded this run
  SUMMARY {"text": "དགའ་ལྡན་ལྷ་བརྒྱ་མ་འདོད་གསོལ་སྨོན་ལམ་དང་བཅས་པ།", "lang_tag": "mn", "blocks_total": 22, "blocks_done": 22, "new": 2, "calls": 1, "fallbacks": 0, "parity_failures": [], "failed": [], "stopped_at": null}

=== དགེ་སློང་མ་དཔལ་མོས་མཛད་པའི་འཕགས་པ་སྤྱན་རས་གཟིགས་དབང་ཕྱུག་གི་བསྟོད་པ།  (1 block(s)) ===
  [1/1] ^4  (1 blk, 174 src, 2121 ctx) … 17.51s  Хиргүй гэрэлт сувдан хэлхээг баригч танаа,
  calls  1 for 1 block(s) recorded this run
  SUMMARY {"text": "དགེ་སློང་མ་དཔལ་མོས་མཛད་པའི་འཕགས་པ་སྤྱན་རས་གཟིགས་དབང་ཕྱུག་གི་བསྟོད་པ།", "lang_tag": "mn", "blocks_total": 11, "blocks_done": 11, "new": 1, "calls": 1, "fallbacks": 0, "parity_failures": [], "failed": [], "stopped_at": null}

=== དགོངས་གཏེར་སྒྲོལ་མའི་ཟབ་ཏིག་ལས་མཎྜལ་ཆོ་ག་ཚོགས་གཉིས་སྙིང་པོ།  (1 block(s)) ===
  [1/1] ^23  (1 blk, 221 src, 2840 ctx) … 19.45s  Бодитоор бэлтгэсэн хийгээд сэтгэлээс хувилгасан,
  calls  1 for 1 block(s) recorded this run
  SUMMARY {"text": "དགོངས་གཏེར་སྒྲོལ་མའི་ཟབ་ཏིག་ལས་མཎྜལ་ཆོ་ག་ཚོགས་གཉིས་སྙིང་པོ།", "lang_tag": "mn", "blocks_total": 49, "blocks_done": 49, "new": 1, "calls": 1, "fallbacks": 0, "parity_failures": [], "failed": [], "stopped_at": null}

=== དཔལ་གསང་བ་འདུས་པའི་བསྒོམ་བཟླས་རྒྱུན་འཁྱེར་བཞུགས་སོ། །  (5 block(s)) ===
  [1/1] ^7,^14,^17,^18,^21  (5 blk, 2719 src, 3304 ctx) … 80.0s  (Тэгээд) Өөрийн бие Урин хилэнт очир, лагшингийн өнг
  calls  1 for 5 block(s) recorded this run
  SUMMARY {"text": "དཔལ་གསང་བ་འདུས་པའི་བསྒོམ་བཟླས་རྒྱུན་འཁྱེར་བཞུགས་སོ། །", "lang_tag": "mn", "blocks_total": 23, "blocks_done": 23, "new": 5, "calls": 1, "fallbacks": 0, "parity_failures": [], "failed": [], "stopped_at": null}

=== དཔལ་ནཱ་ལེནྡྲའི་པཎ་གྲུབ་བཅུ་བདུན་གྱི་གསོལ་འདེབས།  (3 block(s)) ===
  [1/1] ^8,^18,^26  (3 blk, 2058 src, 3337 ctx) … 67.41s  Шавь нарын язгуур лугаа зохилдуулан хоёроос хоосон т
  calls  1 for 3 block(s) recorded this run
  SUMMARY {"text": "དཔལ་ནཱ་ལེནྡྲའི་པཎ་གྲུབ་བཅུ་བདུན་གྱི་གསོལ་འདེབས།", "lang_tag": "mn", "blocks_total": 26, "blocks_done": 26, "new": 3, "calls": 1, "fallbacks": 0, "parity_failures": [], "failed": [], "stopped_at": null}

=== དཔལ་ལྡན་ས་གསུམ་མ།  (6 block(s)) ===
  [1/1] ^3,^21,^27,^36,^38,^39  (6 blk, 1446 src, 1450 ctx) … 65.11s  Бурханы мэлмийн өмнө бодийн явдлыг авч,
  calls  1 for 6 block(s) recorded this run
  SUMMARY {"text": "དཔལ་ལྡན་ས་གསུམ་མ།", "lang_tag": "mn", "blocks_total": 39, "blocks_done": 39, "new": 6, "calls": 1, "fallbacks": 0, "parity_failures": [], "failed": [], "stopped_at": null}

=== དཔལ་ས་སྐྱ་པའི་བསྟན་པ་དར་ཞིང་རྒྱས་པའི་སྨོན་ལམ་འཇམ་དབྱངས་བླ་མ་དགྱེས་པའི་ཞལ་ལུང་ཞེས་བྱ་བ་བཞུགས་སོ། །  (3 block(s)) ===
  [1/1] ^3,^8,^24  (3 blk, 474 src, 1711 ctx) … 25.57s  Жанрайсиг эрхт, их нигүүлсэлт Гунгааням,
  calls  1 for 3 block(s) recorded this run
  SUMMARY {"text": "དཔལ་ས་སྐྱ་པའི་བསྟན་པ་དར་ཞིང་རྒྱས་པའི་སྨོན་ལམ་འཇམ་དབྱངས་བླ་མ་དགྱེས་པའི་ཞལ་ལུང་ཞེས་བྱ་བ་བཞུགས་སོ། །", "lang_tag": "mn", "blocks_total": 28, "blocks_done": 28, "new": 3, "calls": 1, "fallbacks": 0, "parity_failures": [], "failed": [], "stopped_at": null}

=== དབང་སྡུད་གསོལ་འདེབས།  (1 block(s)) ===
  [1/1] ^5  (1 blk, 169 src, 2221 ctx) … 34.23s  Улаан гэрлийн цацрагаар орчлон нирваан хотлыг түгэн,
  calls  1 for 1 block(s) recorded this run
  SUMMARY {"text": "དབང་སྡུད་གསོལ་འདེབས།", "lang_tag": "mn", "blocks_total": 8, "blocks_done": 8, "new": 1, "calls": 1, "fallbacks": 0, "parity_failures": [], "failed": [], "stopped_at": null}

=== དམིགས་བརྩེ་མ།  (1 block(s)) ===
  [1/1] ^1  (1 blk, 197 src, 540 ctx) … 21.48s  Зоригдолгүй энэрлийн их сан Жанрайсиг,
  calls  1 for 1 block(s) recorded this run
  SUMMARY {"text": "དམིགས་བརྩེ་མ།", "lang_tag": "mn", "blocks_total": 1, "blocks_done": 1, "new": 1, "calls": 1, "fallbacks": 0, "parity_failures": [], "failed": [], "stopped_at": null}

=== པདྨ་མཁའ་འགྲོའི་རིགས་བྱེད་རྩལ་གྱི་བསང་མཆོད་པདྨའི་དྲྭ་བ་བཞུགས་སོ།  (1 block(s)) ===
  [1/1] ^2  (1 blk, 164 src, 839 ctx) … 24.38s  Рам ям хам. Хоосон чанарын агаараас тэнгэрийн эдийн 
  calls  1 for 1 block(s) recorded this run
  SUMMARY {"text": "པདྨ་མཁའ་འགྲོའི་རིགས་བྱེད་རྩལ་གྱི་བསང་མཆོད་པདྨའི་དྲྭ་བ་བཞུགས་སོ།", "lang_tag": "mn", "blocks_total": 16, "blocks_done": 16, "new": 1, "calls": 1, "fallbacks": 0, "parity_failures": [], "failed": [], "stopped_at": null}

=== བཀའ་ཐང་བསྡུས་པ།  (13 block(s)) ===
  [1/4] ^4,^8,^10,^11,^14  (5 blk, 2591 src, 1928 ctx) … 91.05s  Эмахо!
  [2/4] ^15,^16,^18,^19,^22  (5 blk, 2426 src, 8402 ctx) … 79.04s  Эмахо!
  [3/4] ^23  (1 blk, 531 src, 5901 ctx) … 33.36s  Эмахо!
  [4/4] ^24,^25  (2 blk, 2975 src, 6556 ctx) … 75.65s  Хааны үе залгамж найм ба арван гурваас,
  calls  4 for 13 block(s) recorded this run
  SUMMARY {"text": "བཀའ་ཐང་བསྡུས་པ།", "lang_tag": "mn", "blocks_total": 25, "blocks_done": 25, "new": 13, "calls": 4, "fallbacks": 0, "parity_failures": [], "failed": [], "stopped_at": null}

=== བདུད་བཟློག་གསང་བའི་མན་ངག  (1 block(s)) ===
  [1/1] ^5  (1 blk, 120 src, 1977 ctx) … 31.26s  Бүгдэд тэгш Майдараар,
  calls  1 for 1 block(s) recorded this run
  SUMMARY {"text": "བདུད་བཟློག་གསང་བའི་མན་ངག", "lang_tag": "mn", "blocks_total": 8, "blocks_done": 8, "new": 1, "calls": 1, "fallbacks": 0, "parity_failures": [], "failed": [], "stopped_at": null}

=== བསམ་པ་ལྷུན་གྲུབ་མ་བཞུགས་སོ།  (18 block(s)) ===
  [1/3] ^1,^2,^3,^4,^5,^6,^7,^8  (8 blk, 2152 src, 546 ctx) … 57.73s  Эмахоо,
  [2/3] ^9,^10,^11,^12,^13,^14,^15,^16  (8 blk, 2068 src, 4581 ctx) … 80.65s  Хувь төгөлдөр амьтны тусын тулд номын сан гаргах үед
  [3/3] ^17,^18  (2 blk, 540 src, 4495 ctx) … 24.13s  Түүнчлэн үйлийн үр болон нөхцөлийн эрхэнд автаж,
  calls  3 for 18 block(s) recorded this run
  SUMMARY {"text": "བསམ་པ་ལྷུན་གྲུབ་མ་བཞུགས་སོ།", "lang_tag": "mn", "blocks_total": 18, "blocks_done": 18, "new": 18, "calls": 3, "fallbacks": 0, "parity_failures": [], "failed": [], "stopped_at": null}

=== བསྟན་འབར་མ་བཞུགས་སོ།  (3 block(s)) ===
  [1/1] ^1,^13,^18  (3 blk, 404 src, 469 ctx) … 25.29s  Бурхан Маш үзэлт, Оройт, Хамаг аврагч,
  calls  1 for 3 block(s) recorded this run
  SUMMARY {"text": "བསྟན་འབར་མ་བཞུགས་སོ།", "lang_tag": "mn", "blocks_total": 19, "blocks_done": 19, "new": 3, "calls": 1, "fallbacks": 0, "parity_failures": [], "failed": [], "stopped_at": null}

=== བོད་ཡུལ་བདེ་བའི་སྨོན་ལམ།  (1 block(s)) ===
  [1/1] ^4  (1 blk, 236 src, 2101 ctx) … 19.65s  Хүн хийгээд хүн бус амьтан бүхний
  calls  1 for 1 block(s) recorded this run
  SUMMARY {"text": "བོད་ཡུལ་བདེ་བའི་སྨོན་ལམ།", "lang_tag": "mn", "blocks_total": 6, "blocks_done": 6, "new": 1, "calls": 1, "fallbacks": 0, "parity_failures": [], "failed": [], "stopped_at": null}

=== བྱང་ཆུབ་སེམས་དཔའི་ལྟུང་བ་བཤགས་པ།  (1 block(s)) ===
  [1/1] ^3  (1 blk, 1822 src, 991 ctx) … 73.24s  Түүнчлэн ирсэн, дайныг дарсан, үнэн төгс туулсан бур
  calls  1 for 1 block(s) recorded this run
  SUMMARY {"text": "བྱང་ཆུབ་སེམས་དཔའི་ལྟུང་བ་བཤགས་པ།", "lang_tag": "mn", "blocks_total": 9, "blocks_done": 9, "new": 1, "calls": 1, "fallbacks": 0, "parity_failures": [], "failed": [], "stopped_at": null}

=== བྱམས་པའི་སྨོན་ལམ།  (1 block(s)) ===
  [1/1] ^11  (1 blk, 122 src, 2356 ctx) … 17.63s  Их номын хэнгэргийн дуугаар
  calls  1 for 1 block(s) recorded this run
  SUMMARY {"text": "བྱམས་པའི་སྨོན་ལམ།", "lang_tag": "mn", "blocks_total": 27, "blocks_done": 27, "new": 1, "calls": 1, "fallbacks": 0, "parity_failures": [], "failed": [], "stopped_at": null}

=== བྱིས་པའི་འབུམ་ཆུང་བཞུགས་སོ།།  (2 block(s)) ===
  [1/1] ^3,^7  (2 blk, 1166 src, 1075 ctx) … 49.25s  Урьд нэгэн цагт миний сонссон нь: Итгэлт төгс нөгчсө
  calls  1 for 2 block(s) recorded this run
  SUMMARY {"text": "བྱིས་པའི་འབུམ་ཆུང་བཞུགས་སོ།།", "lang_tag": "mn", "blocks_total": 9, "blocks_done": 9, "new": 2, "calls": 1, "fallbacks": 0, "parity_failures": [], "failed": [], "stopped_at": null}

=== བླ་མ་རྒྱང་འབོད་མོས་གུས་སྙིང་གི་གཟེར་འདེབས་བཞུགས་སོ།  (4 block(s)) ===
  [1/1] ^1,^7,^28,^53  (4 blk, 733 src, 520 ctx) … 29.5s  Намо гүрүвэ. "Ламыг холоос дуудах" нь бүгдэд алдарта
  calls  1 for 4 block(s) recorded this run
  SUMMARY {"text": "བླ་མ་རྒྱང་འབོད་མོས་གུས་སྙིང་གི་གཟེར་འདེབས་བཞུགས་སོ།", "lang_tag": "mn", "blocks_total": 54, "blocks_done": 54, "new": 4, "calls": 1, "fallbacks": 0, "parity_failures": [], "failed": [], "stopped_at": null}

=== མཁས་གྲུབ་རྗེའི་བསྟོད་པ།  (2 block(s)) ===
  [1/1] ^4,^6  (2 blk, 308 src, 1732 ctx) … 22.49s  Илбэ мэт номын утгыг оноод
  calls  1 for 2 block(s) recorded this run
  SUMMARY {"text": "མཁས་གྲུབ་རྗེའི་བསྟོད་པ།", "lang_tag": "mn", "blocks_total": 8, "blocks_done": 8, "new": 2, "calls": 1, "fallbacks": 0, "parity_failures": [], "failed": [], "stopped_at": null}

=== མཎྜལ།  (1 block(s)) ===
  [1/1] ^3  (1 blk, 655 src, 2771 ctx) … 47.44s  Тэрхүү тахилын эд өлөг далай мэт орон хийгээд далайн
  calls  1 for 1 block(s) recorded this run
  SUMMARY {"text": "མཎྜལ།", "lang_tag": "mn", "blocks_total": 7, "blocks_done": 7, "new": 1, "calls": 1, "fallbacks": 0, "parity_failures": [], "failed": [], "stopped_at": null}

=== མི་ཁའི་བཟློག་བསྒྱུར།  (5 block(s)) ===
  [1/1] ^25,^39,^42,^47,^59  (5 blk, 576 src, 3248 ctx) … 23.94s  Энэ нь бас хэл амны хувилах ёс мөн.
  calls  1 for 5 block(s) recorded this run
  SUMMARY {"text": "མི་ཁའི་བཟློག་བསྒྱུར།", "lang_tag": "mn", "blocks_total": 75, "blocks_done": 75, "new": 5, "calls": 1, "fallbacks": 0, "parity_failures": [], "failed": [], "stopped_at": null}

=== ཚིག་བདུན་གསོལ་འདེབས།  (1 block(s)) ===
  [1/1] ^1  (1 blk, 236 src, 449 ctx) … 17.72s  Хум
  calls  1 for 1 block(s) recorded this run
  SUMMARY {"text": "ཚིག་བདུན་གསོལ་འདེབས།", "lang_tag": "mn", "blocks_total": 1, "blocks_done": 1, "new": 1, "calls": 1, "fallbacks": 0, "parity_failures": [], "failed": [], "stopped_at": null}

=== ཚེས་བཅུའི་ཕན་ཡོན་གསོལ་འདེབས།  (3 block(s)) ===
  [1/1] ^3,^7,^14  (3 blk, 351 src, 1229 ctx) … 35.82s  Цаст энэ орныг Жанрайсигийн
  calls  1 for 3 block(s) recorded this run
  SUMMARY {"text": "ཚེས་བཅུའི་ཕན་ཡོན་གསོལ་འདེབས།", "lang_tag": "mn", "blocks_total": 14, "blocks_done": 14, "new": 3, "calls": 1, "fallbacks": 0, "parity_failures": [], "failed": [], "stopped_at": null}

=== ཞབས་བརྟན་གསོལ་འདེབས་འཆི་མེད་གྲུབ་པ་ཞེས་བྱ་བ་བཞུགས་སོ།  (2 block(s)) ===
  [1/1] ^3,^15  (2 blk, 699 src, 1492 ctx) … 55.26s  Лувсан ялгуусан эрхт Зонховын
  calls  1 for 2 block(s) recorded this run
  SUMMARY {"text": "ཞབས་བརྟན་གསོལ་འདེབས་འཆི་མེད་གྲུབ་པ་ཞེས་བྱ་བ་བཞུགས་སོ།", "lang_tag": "mn", "blocks_total": 15, "blocks_done": 15, "new": 2, "calls": 1, "fallbacks": 0, "parity_failures": [], "failed": [], "stopped_at": null}

=== འཆི་ཁར་ཕན་པའི་གདམས་ངག་ཉམས་ལེན་གྱི་སྙིང་པོ་ཞེས་བྱ་བ་བཞུགས་སོ།།  (6 block(s)) ===
  [1/1] ^1,^3,^4,^5,^6,^9  (6 blk, 1014 src, 545 ctx) … 40.22s  Диваажингийн итгэлт Авид бурхан минь,
  calls  1 for 6 block(s) recorded this run
  SUMMARY {"text": "འཆི་ཁར་ཕན་པའི་གདམས་ངག་ཉམས་ལེན་གྱི་སྙིང་པོ་ཞེས་བྱ་བ་བཞུགས་སོ།།", "lang_tag": "mn", "blocks_total": 9, "blocks_done": 9, "new": 6, "calls": 1, "fallbacks": 0, "parity_failures": [], "failed": [], "stopped_at": null}

=== འཇམ་དབྱངས་ཀྱི་བསྟོད་པ་གང་བློ་མ་བཞུགས་སོ།  (1 block(s)) ===
  [1/1] ^3  (1 blk, 287 src, 1399 ctx) … 31.24s  Луу мэт ихээр дуурьсган нисваанисын нойроос сэрээж ү
  calls  1 for 1 block(s) recorded this run
  SUMMARY {"text": "འཇམ་དབྱངས་ཀྱི་བསྟོད་པ་གང་བློ་མ་བཞུགས་སོ།", "lang_tag": "mn", "blocks_total": 5, "blocks_done": 5, "new": 1, "calls": 1, "fallbacks": 0, "parity_failures": [], "failed": [], "stopped_at": null}

=== འཇམ་མགོན་བླ་མ་ཙོང་ཁ་པ་ཆེན་པོས་མཛད་པའི་བློ་སྦྱོང་སྙན་ངག་སྒྲ་རྒྱན་བཞུགས་སོ།  (2 block(s)) ===
  [1/1] ^21,^25  (2 blk, 324 src, 3252 ctx) … 30.86s  Нүгэл түйтгэрийн буртаг хураах сав мөн.
  calls  1 for 2 block(s) recorded this run
  SUMMARY {"text": "འཇམ་མགོན་བླ་མ་ཙོང་ཁ་པ་ཆེན་པོས་མཛད་པའི་བློ་སྦྱོང་སྙན་ངག་སྒྲ་རྒྱན་བཞུགས་སོ།", "lang_tag": "mn", "blocks_total": 27, "blocks_done": 27, "new": 2, "calls": 1, "fallbacks": 0, "parity_failures": [], "failed": [], "stopped_at": null}

=== འཕགས་པ་ཐུགས་རྗེ་ཆེན་པོ་ལ་བསྟོད་ཅིང་གསོལ་བ་འདེབས་པ་ཕན་བདེའི་ཆར་འབེབས་ཞེས་བྱ་བ་བཞུགས་སོ།  (2 block(s)) ===
  [1/1] ^5,^7  (2 blk, 503 src, 3106 ctx) … 47.03s  Машид дэлгэрсэн цагаан лянхуа мэт царайны үзэсгэлэнт
  calls  1 for 2 block(s) recorded this run
  SUMMARY {"text": "འཕགས་པ་ཐུགས་རྗེ་ཆེན་པོ་ལ་བསྟོད་ཅིང་གསོལ་བ་འདེབས་པ་ཕན་བདེའི་ཆར་འབེབས་ཞེས་བྱ་བ་བཞུགས་སོ།", "lang_tag": "mn", "blocks_total": 27, "blocks_done": 27, "new": 2, "calls": 1, "fallbacks": 0, "parity_failures": [], "failed": [], "stopped_at": null}

=== འཕགས་པ་བཀྲ་ཤིས་བརྒྱད་པ།  (2 block(s)) ===
  [1/1] ^2,^4  (2 blk, 316 src, 1021 ctx) … 47.16s  Зулын хаан, Бат шидэт тус бүтээгч таалалт,
  calls  1 for 2 block(s) recorded this run
  SUMMARY {"text": "འཕགས་པ་བཀྲ་ཤིས་བརྒྱད་པ།", "lang_tag": "mn", "blocks_total": 10, "blocks_done": 10, "new": 2, "calls": 1, "fallbacks": 0, "parity_failures": [], "failed": [], "stopped_at": null}

=== འཕགས་པ་བཟང་པོ་སྤྱོད་པའི་སྨོན་ལམ་གྱི་རྒྱལ་པོ།  (5 block(s)) ===
  [1/1] ^38,^52,^57,^64,^65  (5 blk, 743 src, 3017 ctx) … 37.58s  Бүхнээ түргэн рид хувилгааны хүчнүүд ба,
  calls  1 for 5 block(s) recorded this run
  SUMMARY {"text": "འཕགས་པ་བཟང་པོ་སྤྱོད་པའི་སྨོན་ལམ་གྱི་རྒྱལ་པོ།", "lang_tag": "mn", "blocks_total": 66, "blocks_done": 66, "new": 5, "calls": 1, "fallbacks": 0, "parity_failures": [], "failed": [], "stopped_at": null}

=== ཡོན་ཏན་གཞིར་གྱུར་མ་བཞུགས་སོ།  (1 block(s)) ===
  [1/1] ^14  (1 blk, 144 src, 2931 ctx) … 17.74s  Төрөл бүхэндээ үнэн төгс ламтай
  calls  1 for 1 block(s) recorded this run
  SUMMARY {"text": "ཡོན་ཏན་གཞིར་གྱུར་མ་བཞུགས་སོ།", "lang_tag": "mn", "blocks_total": 14, "blocks_done": 14, "new": 1, "calls": 1, "fallbacks": 0, "parity_failures": [], "failed": [], "stopped_at": null}

=== རི་བོ་བསངས་མཆོད་བཞུགས་སོ༔  (1 block(s)) ===
  [1/1] ^4  (1 blk, 146 src, 1826 ctx) … 37.67s  Бузрын эзэд, галзуугийн чөтгөр, эрэгтэй эмэгтэй сүг 
  calls  1 for 1 block(s) recorded this run
  SUMMARY {"text": "རི་བོ་བསངས་མཆོད་བཞུགས་སོ༔", "lang_tag": "mn", "blocks_total": 17, "blocks_done": 17, "new": 1, "calls": 1, "fallbacks": 0, "parity_failures": [], "failed": [], "stopped_at": null}

=== རྒྱ་ནག་པོའི་སྐག་ཟློག་ཅེས་བྱ་བ་བཞུགས་སོ།།  (2 block(s)) ===
  [1/1] ^35,^42  (2 blk, 585 src, 4354 ctx) … 34.46s  Тав есөн дөчин тавны тэнгэрийн хэнгэрэг зорын хүүгий
  calls  1 for 2 block(s) recorded this run
  SUMMARY {"text": "རྒྱ་ནག་པོའི་སྐག་ཟློག་ཅེས་བྱ་བ་བཞུགས་སོ།།", "lang_tag": "mn", "blocks_total": 49, "blocks_done": 49, "new": 2, "calls": 1, "fallbacks": 0, "parity_failures": [], "failed": [], "stopped_at": null}

=== རྒྱལ་ཁམས་བདེ་བའི་སྨོན་ལམ།  (2 block(s)) ===
  [1/1] ^1,^2  (2 blk, 443 src, 437 ctx) … 32.96s  Ум аа хум базар гуру бадмэ сиди хум
  calls  1 for 2 block(s) recorded this run
  SUMMARY {"text": "རྒྱལ་ཁམས་བདེ་བའི་སྨོན་ལམ།", "lang_tag": "mn", "blocks_total": 4, "blocks_done": 4, "new": 2, "calls": 1, "fallbacks": 0, "parity_failures": [], "failed": [], "stopped_at": null}

=== རྒྱལ་བ་ཚེ་དཔག་མེད་ཀྱི་མཚན་སྔགས།  (2 block(s)) ===
  [1/1] ^1,^3  (2 blk, 301 src, 489 ctx) … 23.44s  Ертөнцийг хөтлөгч эрхэм дээд Аюуш бурхан,
  calls  1 for 2 block(s) recorded this run
  SUMMARY {"text": "རྒྱལ་བ་ཚེ་དཔག་མེད་ཀྱི་མཚན་སྔགས།", "lang_tag": "mn", "blocks_total": 3, "blocks_done": 3, "new": 2, "calls": 1, "fallbacks": 0, "parity_failures": [], "failed": [], "stopped_at": null}

=== རྒྱལ་བའི་དབང་པོ་ཀློང་ཆེན་རབ་འབྱམས་ལ་བསྟོད་པ།  (1 block(s)) ===
  [1/1] ^12  (1 blk, 265 src, 3663 ctx) … 25.88s  Тэмцэлт цөвийн газар доорх орон хийгээд гурван лагши
  calls  1 for 1 block(s) recorded this run
  SUMMARY {"text": "རྒྱལ་བའི་དབང་པོ་ཀློང་ཆེན་རབ་འབྱམས་ལ་བསྟོད་པ།", "lang_tag": "mn", "blocks_total": 15, "blocks_done": 15, "new": 1, "calls": 1, "fallbacks": 0, "parity_failures": [], "failed": [], "stopped_at": null}

=== རྗེ་གསང་བའི་རྣམ་ཐར།  (3 block(s)) ===
  [1/1] ^14,^40,^44  (3 blk, 466 src, 2891 ctx) … 19.77s  Ялгуусаны үйлсийг бүтээхээр эш үзүүлсэн,
  calls  1 for 3 block(s) recorded this run
  SUMMARY {"text": "རྗེ་གསང་བའི་རྣམ་ཐར།", "lang_tag": "mn", "blocks_total": 51, "blocks_done": 51, "new": 3, "calls": 1, "fallbacks": 0, "parity_failures": [], "failed": [], "stopped_at": null}

=== ལམ་གཙོ་རྣམ་གསུམ།  (1 block(s)) ===
  [1/1] ^16  (1 blk, 105 src, 2918 ctx) … 12.69s  Хэмээх үүнийг олонтоо сонссон гэлэн Лувсандагва цогт
  calls  1 for 1 block(s) recorded this run
  SUMMARY {"text": "ལམ་གཙོ་རྣམ་གསུམ།", "lang_tag": "mn", "blocks_total": 16, "blocks_done": 16, "new": 1, "calls": 1, "fallbacks": 0, "parity_failures": [], "failed": [], "stopped_at": null}

=== སྒྲོལ་མ་ཉེར་གཅིག་ལ་བསྟོད་པ།  (2 block(s)) ===
  [1/1] ^13,^14  (2 blk, 262 src, 2762 ctx) … 22.17s  Мөргөмүй, газар дэлхийг сахигчдын чуулган бүгдийг,
  calls  1 for 2 block(s) recorded this run
  SUMMARY {"text": "སྒྲོལ་མ་ཉེར་གཅིག་ལ་བསྟོད་པ།", "lang_tag": "mn", "blocks_total": 29, "blocks_done": 29, "new": 2, "calls": 1, "fallbacks": 0, "parity_failures": [], "failed": [], "stopped_at": null}

=== སྤྱོད་འཇུག་སྨོན་ལམ་བཞུགས་སོ།  (1 block(s)) ===
  [1/1] ^47  (1 blk, 121 src, 2705 ctx) … 22.46s  Хамаг амьтан бүгд олон дахин
  calls  1 for 1 block(s) recorded this run
  SUMMARY {"text": "སྤྱོད་འཇུག་སྨོན་ལམ་བཞུགས་སོ།", "lang_tag": "mn", "blocks_total": 56, "blocks_done": 56, "new": 1, "calls": 1, "fallbacks": 0, "parity_failures": [], "failed": [], "stopped_at": null}

=== སློབ་དཔོན་ཐུགས་རྗེ་ཅན་གྱི་ཐུགས་དམ་གནད་ནས་སྐུལ་བའི་གདུང་དབྱངས་གསོལ་འདེབས་བཞུགས་སོ། །  (1 block(s)) ===
  [1/1] ^4  (1 blk, 163 src, 2103 ctx) … 26.61s  Ялангуяа Трисон Дэцэн эцэг хүүгээс,
  calls  1 for 1 block(s) recorded this run
  SUMMARY {"text": "སློབ་དཔོན་ཐུགས་རྗེ་ཅན་གྱི་ཐུགས་དམ་གནད་ནས་སྐུལ་བའི་གདུང་དབྱངས་གསོལ་འདེབས་བཞུགས་སོ། །", "lang_tag": "mn", "blocks_total": 8, "blocks_done": 8, "new": 1, "calls": 1, "fallbacks": 0, "parity_failures": [], "failed": [], "stopped_at": null}

=== སློབ་དཔོན་རིན་པོ་ཆེའི་མཚན་སྔགས།  (2 block(s)) ===
  [1/1] ^1,^3  (2 blk, 357 src, 521 ctx) … 30.41s  Энэтхэгийн их бандида Төвөдөд ачлал ихт,
  calls  1 for 2 block(s) recorded this run
  SUMMARY {"text": "སློབ་དཔོན་རིན་པོ་ཆེའི་མཚན་སྔགས།", "lang_tag": "mn", "blocks_total": 3, "blocks_done": 3, "new": 2, "calls": 1, "fallbacks": 0, "parity_failures": [], "failed": [], "stopped_at": null}

=== ཨོ་རྒྱན་རིན་པོ་ཆེའི་ཞལ་ཆེམས་གསོལ་འདེབས་བཞུགས༔  (4 block(s)) ===
  [1/1] ^1,^3,^6,^8  (4 blk, 597 src, 603 ctx) … 29.07s  Эмахо, номын лагшин Гунтузанпо болон зургаадугаар Оч
  calls  1 for 4 block(s) recorded this run
  SUMMARY {"text": "ཨོ་རྒྱན་རིན་པོ་ཆེའི་ཞལ་ཆེམས་གསོལ་འདེབས་བཞུགས༔", "lang_tag": "mn", "blocks_total": 8, "blocks_done": 8, "new": 4, "calls": 1, "fallbacks": 0, "parity_failures": [], "failed": [], "stopped_at": null}

stamp: ids: 0 source notes, 53 translation files updated | track-meta: 53 translation files updated | titles: 53 translation files updated

after re-run:
  གསོལ་འདེབས་བར་ཆད་ལམ་སེལ།                     1 block(s): ^24
  གསོལ་འདེབས་ལེའུ་བདུན་མ།                      2 block(s): ^31, ^68
  ཆོ་འཕྲུལ་གྱི་བསྟོད་པ།                        1 block(s): ^11
  ཇོ་བོ་རྗེའི་བསྟོད་པ་ཕུན་སུམ་ཚོགས་པ་མ་བཞུ     1 block(s): ^36
  དགའ་ལྡན་ལྷ་བརྒྱ་མ་འདོད་གསོལ་སྨོན་ལམ་དང་བ     2 block(s): ^8, ^9
  དགོངས་གཏེར་སྒྲོལ་མའི་ཟབ་ཏིག་ལས་མཎྜལ་ཆོ་ག     1 block(s): ^23
  དཔལ་ལྡན་ས་གསུམ་མ།                            1 block(s): ^3
  དམིགས་བརྩེ་མ།                                1 block(s): ^1
  བསྟན་འབར་མ་བཞུགས་སོ།                         1 block(s): ^13
  བོད་ཡུལ་བདེ་བའི་སྨོན་ལམ།                     1 block(s): ^4
  བྱིས་པའི་འབུམ་ཆུང་བཞུགས་སོ།།                 1 block(s): ^7
  བླ་མ་རྒྱང་འབོད་མོས་གུས་སྙིང་གི་གཟེར་འདེབ     3 block(s): ^1, ^7, ^53
  འཇམ་དབྱངས་ཀྱི་བསྟོད་པ་གང་བློ་མ་བཞུགས་སོ།     1 block(s): ^3
  འཇམ་མགོན་བླ་མ་ཙོང་ཁ་པ་ཆེན་པོས་མཛད་པའི་བླ     1 block(s): ^21
  འཕགས་པ་ཐུགས་རྗེ་ཆེན་པོ་ལ་བསྟོད་ཅིང་གསོལ་     1 block(s): ^5
  འཕགས་པ་བཀྲ་ཤིས་བརྒྱད་པ།                      1 block(s): ^2
  ཡོན་ཏན་གཞིར་གྱུར་མ་བཞུགས་སོ།                 1 block(s): ^14
  རྒྱ་ནག་པོའི་སྐག་ཟློག་ཅེས་བྱ་བ་བཞུགས་སོ།།     2 block(s): ^35, ^42
  རྒྱལ་བའི་དབང་པོ་ཀློང་ཆེན་རབ་འབྱམས་ལ་བསྟོ     1 block(s): ^12
  སྒྲོལ་མ་ཉེར་གཅིག་ལ་བསྟོད་པ།                  1 block(s): ^13
25 block(s) in 20 text(s) lack a canonical name form (of 457 name occurrences)
exit 0
