  གཏོར་མ་ཆ་གསུམ་བཞུགས་སོ།                      1 block(s): ^13
  གསོལ་འདེབས་བར་ཆད་ལམ་སེལ།                     8 block(s): ^1, ^5, ^13, ^15, ^17, ^19, ^21, ^24
  གསོལ་འདེབས་བསམ་པ་མྱུར་འགྲུབ་མ།               3 block(s): ^2, ^4, ^5
  གསོལ་འདེབས་ལེའུ་བདུན་མ།                     28 block(s): ^4, ^6, ^25, ^64, ^68, ^69, ^71, ^93, ^97, ^98, ^114, ^115, ^116, ^117
  ཆགས་མེད་བདེ་སྨོན།                            2 block(s): ^9, ^58
  ཇོ་བོ་རྗེའི་བསྟོད་པ་ཕུན་སུམ་ཚོགས་པ་མ་བཞུ     1 block(s): ^33
  ཐུབ་བསྟན་རིས་མེད་རྒྱས་པའི་སྨོན་ལམ།           3 block(s): ^6, ^7, ^9
  ཐོག་མཐའ་མ་བཞུགས་སོ།                          1 block(s): ^32
  དགའ་ལྡན་ལྷ་བརྒྱ་མ་འདོད་གསོལ་སྨོན་ལམ་དང་བ     2 block(s): ^8, ^9
  དགེ་སློང་མ་དཔལ་མོས་མཛད་པའི་འཕགས་པ་སྤྱན་ར     1 block(s): ^4
  དཔལ་ལྡན་ས་གསུམ་མ།                            5 block(s): ^3, ^27, ^36, ^38, ^39
  དབང་སྡུད་གསོལ་འདེབས།                         1 block(s): ^5
  དབྱངས་ཅན་མའི་བསྟོད་པ་བཞུགས་སོ།               1 block(s): ^5
  དམིགས་བརྩེ་མ།                                1 block(s): ^1
  ཕྱག་ཆེན་བརྒྱུད་པའི་གསོལ་འདེབས་ནི།            2 block(s): ^5, ^7
  བཀའ་ཐང་བསྡུས་པ།                             14 block(s): ^1, ^4, ^7, ^10, ^11, ^12, ^15, ^16, ^17, ^18, ^19, ^22, ^24, ^25
  བདུད་བཟློག་གསང་བའི་མན་ངག                     1 block(s): ^5
  བསམ་པ་ལྷུན་གྲུབ་མ་བཞུགས་སོ།                 18 block(s): ^1, ^2, ^3, ^4, ^5, ^6, ^7, ^8, ^9, ^10, ^11, ^12, ^13, ^14, ^15, ^16,
  བསྟན་འབར་མ་བཞུགས་སོ།                         2 block(s): ^13, ^17
  བོད་ཡུལ་བདེ་བའི་སྨོན་ལམ།                     1 block(s): ^4
  བྱམས་པའི་སྨོན་ལམ།                            1 block(s): ^11
  བྱིས་པའི་འབུམ་ཆུང་བཞུགས་སོ།།                 2 block(s): ^1, ^7
  བླ་མ་རྒྱང་འབོད་མོས་གུས་སྙིང་གི་གཟེར་འདེབ     4 block(s): ^1, ^7, ^28, ^53
  མཁས་གྲུབ་རྗེའི་བསྟོད་པ།                      1 block(s): ^6
  མི་ཁའི་བཟློག་བསྒྱུར།                         4 block(s): ^25, ^42, ^47, ^59
  ཚེས་བཅུའི་ཕན་ཡོན་གསོལ་འདེབས།                 1 block(s): ^14
  ཞབས་བརྟན་གསོལ་འདེབས་འཆི་མེད་གྲུབ་པ་ཞེས་བ     2 block(s): ^3, ^15
  འཆི་ཁར་ཕན་པའི་གདམས་ངག་ཉམས་ལེན་གྱི་སྙིང་པ     1 block(s): ^9
  འཇམ་དབྱངས་ཀྱི་བསྟོད་པ་གང་བློ་མ་བཞུགས་སོ།     2 block(s): ^1, ^3
  འཇམ་མགོན་བླ་མ་ཙོང་ཁ་པ་ཆེན་པོས་མཛད་པའི་བླ     2 block(s): ^21, ^25
  འཕགས་པ་ཐུགས་རྗེ་ཆེན་པོ་ལ་བསྟོད་ཅིང་གསོལ་     1 block(s): ^5
  འཕགས་པ་བཟང་པོ་སྤྱོད་པའི་སྨོན་ལམ་གྱི་རྒྱལ     1 block(s): ^38
  རི་བོ་བསངས་མཆོད་བཞུགས་སོ༔                    1 block(s): ^4
  རྒྱ་ནག་པོའི་སྐག་ཟློག་ཅེས་བྱ་བ་བཞུགས་སོ།།     3 block(s): ^1, ^35, ^42
  རྒྱལ་ཁམས་བདེ་བའི་སྨོན་ལམ།                    2 block(s): ^1, ^2
  རྒྱལ་བའི་དབང་པོ་ཀློང་ཆེན་རབ་འབྱམས་ལ་བསྟོ     1 block(s): ^12
  རྗེ་གསང་བའི་རྣམ་ཐར།                          1 block(s): ^40
  ལམ་གཙོ་རྣམ་གསུམ།                             1 block(s): ^16
  ལམ་རིམ་སྨོན་ལམ་བཞུགས་སོ།                     1 block(s): ^8
  སྒྲོལ་མ་ཉེར་གཅིག་ལ་བསྟོད་པ།                  1 block(s): ^13
  སྤྱོད་འཇུག་སྨོན་ལམ་བཞུགས་སོ།                 1 block(s): ^47
  སློབ་དཔོན་ཐུགས་རྗེ་ཅན་གྱི་ཐུགས་དམ་གནད་ནས     1 block(s): ^4
  སློབ་དཔོན་རིན་པོ་ཆེའི་མཚན་སྔགས།              2 block(s): ^1, ^3
  ཨོ་རྒྱན་རིན་པོ་ཆེའི་ཞལ་ཆེམས་གསོལ་འདེབས་བ     3 block(s): ^3, ^6, ^8
136 block(s) in 44 text(s) lack a canonical name form (of 466 name occurrences)

=== གཏོར་མ་ཆ་གསུམ་བཞུགས་སོ།  (1 block(s)) ===
  [1/1] ^13  (1 blk, 122 src, 3137 ctx) … 18.47s  वज्रधारी देव इन्द्र,
  calls  1 for 1 block(s) recorded this run
  SUMMARY {"text": "གཏོར་མ་ཆ་གསུམ་བཞུགས་སོ།", "lang_tag": "hi", "blocks_total": 47, "blocks_done": 47, "new": 1, "calls": 1, "fallbacks": 0, "parity_failures": [], "failed": [], "stopped_at": null}

=== གསོལ་འདེབས་བར་ཆད་ལམ་སེལ།  (8 block(s)) ===
  [1/2] ^1,^5,^13,^15,^17,^19,^21  (7 blk, 2057 src, 526 ctx) … 82.81s  ॐ आह हूँ वज्र गुरु पद्म सिद्धि हूँ
  [2/2] ^24  (1 blk, 336 src, 4058 ctx) … 16.86s  अपनी करुणा से मुझे अधिष्ठान प्रदान करें,
  calls  2 for 8 block(s) recorded this run
  SUMMARY {"text": "གསོལ་འདེབས་བར་ཆད་ལམ་སེལ།", "lang_tag": "hi", "blocks_total": 24, "blocks_done": 24, "new": 8, "calls": 2, "fallbacks": 0, "parity_failures": [], "failed": [], "stopped_at": null}

=== གསོལ་འདེབས་བསམ་པ་མྱུར་འགྲུབ་མ།  (3 block(s)) ===
  [1/1] ^2,^4,^5  (3 blk, 603 src, 1050 ctx) … 21.88s  दुष्कर्मों के विपाक के प्रभाव से उत्पन्न,
  calls  1 for 3 block(s) recorded this run
  SUMMARY {"text": "གསོལ་འདེབས་བསམ་པ་མྱུར་འགྲུབ་མ།", "lang_tag": "hi", "blocks_total": 5, "blocks_done": 5, "new": 3, "calls": 1, "fallbacks": 0, "parity_failures": [], "failed": [], "stopped_at": null}

=== གསོལ་འདེབས་ལེའུ་བདུན་མ།  (28 block(s)) ===
  [1/4] ^4,^6,^25,^64,^68,^69,^71,^93  (8 blk, 1623 src, 2237 ctx) … 53.38s  धर्मकाय समन्तभद्र की मैं प्रार्थना करता हूँ।
  [2/4] ^97,^98,^114,^115,^116,^117,^118,^119  (8 blk, 1662 src, 3445 ctx) … 67.4s  उत्तर दिशा के राजा के कार्य हेतु पधारते समय,
  [3/4] ^120,^121,^122,^123,^124,^125,^126,^127  (8 blk, 1373 src, 4315 ctx) … 61.7s  जब सत्त्वों के माया-रूपी शरीर को नष्ट करने वाले रोग 
  [4/4] ^128,^129,^130,^131  (4 blk, 794 src, 4074 ctx) … 33.04s  जब आयु समाप्त हो और मृत्यु का समय आ जाए,
  calls  4 for 28 block(s) recorded this run
  SUMMARY {"text": "གསོལ་འདེབས་ལེའུ་བདུན་མ།", "lang_tag": "hi", "blocks_total": 131, "blocks_done": 131, "new": 28, "calls": 4, "fallbacks": 0, "parity_failures": [], "failed": [], "stopped_at": null}

=== ཆགས་མེད་བདེ་སྨོན།  (2 block(s)) ===
  [1/1] ^9,^58  (2 blk, 307 src, 3310 ctx) … 37.65s  उनके हृदय की रश्मियों से पद्मसम्भव का निर्माण होता ह
  calls  1 for 2 block(s) recorded this run
  SUMMARY {"text": "ཆགས་མེད་བདེ་སྨོན།", "lang_tag": "hi", "blocks_total": 85, "blocks_done": 85, "new": 2, "calls": 1, "fallbacks": 0, "parity_failures": [], "failed": [], "stopped_at": null}

=== ཇོ་བོ་རྗེའི་བསྟོད་པ་ཕུན་སུམ་ཚོགས་པ་མ་བཞུགས་སོ།  (1 block(s)) ===
  [1/1] ^33  (1 blk, 150 src, 2897 ctx) … 18.12s  अनेक कल्पों तक द्विविध संभार के अभ्यास के बल से,
  calls  1 for 1 block(s) recorded this run
  SUMMARY {"text": "ཇོ་བོ་རྗེའི་བསྟོད་པ་ཕུན་སུམ་ཚོགས་པ་མ་བཞུགས་སོ།", "lang_tag": "hi", "blocks_total": 36, "blocks_done": 36, "new": 1, "calls": 1, "fallbacks": 0, "parity_failures": [], "failed": [], "stopped_at": null}

=== ཐུབ་བསྟན་རིས་མེད་རྒྱས་པའི་སྨོན་ལམ།  (3 block(s)) ===
  [1/1] ^6,^7,^9  (3 blk, 499 src, 2745 ctx) … 34.51s  आदिशुद्ध प्रभास्वर सार के लोंगचेनपा में,
  calls  1 for 3 block(s) recorded this run
  SUMMARY {"text": "ཐུབ་བསྟན་རིས་མེད་རྒྱས་པའི་སྨོན་ལམ།", "lang_tag": "hi", "blocks_total": 23, "blocks_done": 23, "new": 3, "calls": 1, "fallbacks": 0, "parity_failures": [], "failed": [], "stopped_at": null}

=== ཐོག་མཐའ་མ་བཞུགས་སོ།  (1 block(s)) ===
  [1/1] ^32  (1 blk, 143 src, 2887 ctx) … 16.39s  इस प्रकार यह आदि, मध्य और अन्त में कल्याणकारी प्रणिध
  calls  1 for 1 block(s) recorded this run
  SUMMARY {"text": "ཐོག་མཐའ་མ་བཞུགས་སོ།", "lang_tag": "hi", "blocks_total": 32, "blocks_done": 32, "new": 1, "calls": 1, "fallbacks": 0, "parity_failures": [], "failed": [], "stopped_at": null}

=== དགའ་ལྡན་ལྷ་བརྒྱ་མ་འདོད་གསོལ་སྨོན་ལམ་དང་བཅས་པ།  (2 block(s)) ===
  [1/1] ^8,^9  (2 blk, 350 src, 3175 ctx) … 27.03s  मेरे द्वारा संचित इस सम्पूर्ण पुण्य से,
  calls  1 for 2 block(s) recorded this run
  SUMMARY {"text": "དགའ་ལྡན་ལྷ་བརྒྱ་མ་འདོད་གསོལ་སྨོན་ལམ་དང་བཅས་པ།", "lang_tag": "hi", "blocks_total": 22, "blocks_done": 22, "new": 2, "calls": 1, "fallbacks": 0, "parity_failures": [], "failed": [], "stopped_at": null}

=== དགེ་སློང་མ་དཔལ་མོས་མཛད་པའི་འཕགས་པ་སྤྱན་རས་གཟིགས་དབང་ཕྱུག་གི་བསྟོད་པ།  (1 block(s)) ===
  [1/1] ^4  (1 blk, 174 src, 1941 ctx) … 15.97s  निर्मल दीप्तिमान मोतियों का गुच्छ धारण करने वाले,
  calls  1 for 1 block(s) recorded this run
  SUMMARY {"text": "དགེ་སློང་མ་དཔལ་མོས་མཛད་པའི་འཕགས་པ་སྤྱན་རས་གཟིགས་དབང་ཕྱུག་གི་བསྟོད་པ།", "lang_tag": "hi", "blocks_total": 11, "blocks_done": 11, "new": 1, "calls": 1, "fallbacks": 0, "parity_failures": [], "failed": [], "stopped_at": null}

=== དཔལ་ལྡན་ས་གསུམ་མ།  (5 block(s)) ===
  [1/1] ^3,^27,^36,^38,^39  (5 blk, 1293 src, 1399 ctx) … 57.4s  बुद्ध के समक्ष बोधिचर्या ग्रहण करने वाले,
  calls  1 for 5 block(s) recorded this run
  SUMMARY {"text": "དཔལ་ལྡན་ས་གསུམ་མ།", "lang_tag": "hi", "blocks_total": 39, "blocks_done": 39, "new": 5, "calls": 1, "fallbacks": 0, "parity_failures": [], "failed": [], "stopped_at": null}

=== དབང་སྡུད་གསོལ་འདེབས།  (1 block(s)) ===
  [1/1] ^5  (1 blk, 169 src, 2171 ctx) … 20.81s  लाल किरणों से आप सम्पूर्ण संसार और निर्वाण को व्याप्
  calls  1 for 1 block(s) recorded this run
  SUMMARY {"text": "དབང་སྡུད་གསོལ་འདེབས།", "lang_tag": "hi", "blocks_total": 8, "blocks_done": 8, "new": 1, "calls": 1, "fallbacks": 0, "parity_failures": [], "failed": [], "stopped_at": null}

=== དབྱངས་ཅན་མའི་བསྟོད་པ་བཞུགས་སོ།  (1 block(s)) ===
  [1/1] ^5  (1 blk, 40 src, 2146 ctx) … 9.99s  यह जे लोबसांग द्राक्पा द्वारा रचित है।
  calls  1 for 1 block(s) recorded this run
  SUMMARY {"text": "དབྱངས་ཅན་མའི་བསྟོད་པ་བཞུགས་སོ།", "lang_tag": "hi", "blocks_total": 5, "blocks_done": 5, "new": 1, "calls": 1, "fallbacks": 0, "parity_failures": [], "failed": [], "stopped_at": null}

=== དམིགས་བརྩེ་མ།  (1 block(s)) ===
  [1/1] ^1  (1 blk, 197 src, 488 ctx) … 19.01s  अनालम्ब करुणा के महानिधान अवलोकितेश्वर,
  calls  1 for 1 block(s) recorded this run
  SUMMARY {"text": "དམིགས་བརྩེ་མ།", "lang_tag": "hi", "blocks_total": 1, "blocks_done": 1, "new": 1, "calls": 1, "fallbacks": 0, "parity_failures": [], "failed": [], "stopped_at": null}

=== ཕྱག་ཆེན་བརྒྱུད་པའི་གསོལ་འདེབས་ནི།  (2 block(s)) ===
  [1/1] ^5,^7  (2 blk, 228 src, 2064 ctx) … 14.44s  इस उत्तर दिशा की हिमभूमि में,
  calls  1 for 2 block(s) recorded this run
  SUMMARY {"text": "ཕྱག་ཆེན་བརྒྱུད་པའི་གསོལ་འདེབས་ནི།", "lang_tag": "hi", "blocks_total": 20, "blocks_done": 20, "new": 2, "calls": 1, "fallbacks": 0, "parity_failures": [], "failed": [], "stopped_at": null}

=== བཀའ་ཐང་བསྡུས་པ།  (14 block(s)) ===
  [1/3] ^1,^4,^7,^10,^11,^12  (6 blk, 2231 src, 515 ctx) … 54.58s  ओड्डियान भाषा में: बुद्ध धर्म संघाय।
  [2/3] ^15,^16,^17,^18,^19,^22  (6 blk, 2664 src, 8307 ctx) … 68.42s  एमाहो!
  [3/3] ^24,^25  (2 blk, 2975 src, 6337 ctx) … 70.9s  राजा की आठवीं और तेरहवीं पीढ़ियों के पश्चात्,
  calls  3 for 14 block(s) recorded this run
  SUMMARY {"text": "བཀའ་ཐང་བསྡུས་པ།", "lang_tag": "hi", "blocks_total": 25, "blocks_done": 25, "new": 14, "calls": 3, "fallbacks": 0, "parity_failures": [], "failed": [], "stopped_at": null}

=== བདུད་བཟློག་གསང་བའི་མན་ངག  (1 block(s)) ===
  [1/1] ^5  (1 blk, 120 src, 2014 ctx) … 21.99s  सब के प्रति सम मैत्रेय से,
  calls  1 for 1 block(s) recorded this run
  SUMMARY {"text": "བདུད་བཟློག་གསང་བའི་མན་ངག", "lang_tag": "hi", "blocks_total": 8, "blocks_done": 8, "new": 1, "calls": 1, "fallbacks": 0, "parity_failures": [], "failed": [], "stopped_at": null}

=== བསམ་པ་ལྷུན་གྲུབ་མ་བཞུགས་སོ།  (18 block(s)) ===
  [1/3] ^1,^2,^3,^4,^5,^6,^7,^8  (8 blk, 2152 src, 547 ctx) … 51.72s  एमाहो !
  [2/3] ^9,^10,^11,^12,^13,^14,^15,^16  (8 blk, 2068 src, 4751 ctx) … 67.14s  कर्म-भाग्यशाली सत्त्वों के कल्याणार्थ निधियों का उद्
  [3/3] ^17,^18  (2 blk, 540 src, 4655 ctx) … 23.1s  इसके अतिरिक्त कर्म और प्रत्ययों के वशीभूत होकर,
  calls  3 for 18 block(s) recorded this run
  SUMMARY {"text": "བསམ་པ་ལྷུན་གྲུབ་མ་བཞུགས་སོ།", "lang_tag": "hi", "blocks_total": 18, "blocks_done": 18, "new": 18, "calls": 3, "fallbacks": 0, "parity_failures": [], "failed": [], "stopped_at": null}

=== བསྟན་འབར་མ་བཞུགས་སོ།  (2 block(s)) ===
  [1/1] ^13,^17  (2 blk, 272 src, 2640 ctx) … 12.69s  पूर्व काल में मैंने पापी सत्त्वों को,
  calls  1 for 2 block(s) recorded this run
  SUMMARY {"text": "བསྟན་འབར་མ་བཞུགས་སོ།", "lang_tag": "hi", "blocks_total": 19, "blocks_done": 19, "new": 2, "calls": 1, "fallbacks": 0, "parity_failures": [], "failed": [], "stopped_at": null}

=== བོད་ཡུལ་བདེ་བའི་སྨོན་ལམ།  (1 block(s)) ===
  [1/1] ^4  (1 blk, 236 src, 2104 ctx) … 27.05s  मनुष्य एवं अमानुष समस्त सत्त्वों की
  calls  1 for 1 block(s) recorded this run
  SUMMARY {"text": "བོད་ཡུལ་བདེ་བའི་སྨོན་ལམ།", "lang_tag": "hi", "blocks_total": 6, "blocks_done": 6, "new": 1, "calls": 1, "fallbacks": 0, "parity_failures": [], "failed": [], "stopped_at": null}

=== བྱམས་པའི་སྨོན་ལམ།  (1 block(s)) ===
  [1/1] ^11  (1 blk, 122 src, 2381 ctx) … 16.71s  धर्म की महान दुंदुभि की ध्वनि से,
  calls  1 for 1 block(s) recorded this run
  SUMMARY {"text": "བྱམས་པའི་སྨོན་ལམ།", "lang_tag": "hi", "blocks_total": 27, "blocks_done": 27, "new": 1, "calls": 1, "fallbacks": 0, "parity_failures": [], "failed": [], "stopped_at": null}

=== བྱིས་པའི་འབུམ་ཆུང་བཞུགས་སོ།།  (2 block(s)) ===
  [1/1] ^1,^7  (2 blk, 550 src, 440 ctx) … 31.23s  भारतीय भाषा में: शतसाहस्रिका प्रज्ञापारमिता। तिब्बती
  calls  1 for 2 block(s) recorded this run
  SUMMARY {"text": "བྱིས་པའི་འབུམ་ཆུང་བཞུགས་སོ།།", "lang_tag": "hi", "blocks_total": 9, "blocks_done": 9, "new": 2, "calls": 1, "fallbacks": 0, "parity_failures": [], "failed": [], "stopped_at": null}

=== བླ་མ་རྒྱང་འབོད་མོས་གུས་སྙིང་གི་གཟེར་འདེབས་བཞུགས་སོ།  (4 block(s)) ===
  [1/1] ^1,^7,^28,^53  (4 blk, 733 src, 527 ctx) … 28.65s  नमो गुरुवे। यद्यपि 'गुरु को दूर से पुकारना' सर्वत्र 
  calls  1 for 4 block(s) recorded this run
  SUMMARY {"text": "བླ་མ་རྒྱང་འབོད་མོས་གུས་སྙིང་གི་གཟེར་འདེབས་བཞུགས་སོ།", "lang_tag": "hi", "blocks_total": 54, "blocks_done": 54, "new": 4, "calls": 1, "fallbacks": 0, "parity_failures": [], "failed": [], "stopped_at": null}

=== མཁས་གྲུབ་རྗེའི་བསྟོད་པ།  (1 block(s)) ===
  [1/1] ^6  (1 blk, 158 src, 2525 ctx) … 19.62s  समस्त बुद्धों के साक्षात् स्वरूप, आदरणीय त्सोंगखापा 
  calls  1 for 1 block(s) recorded this run
  SUMMARY {"text": "མཁས་གྲུབ་རྗེའི་བསྟོད་པ།", "lang_tag": "hi", "blocks_total": 8, "blocks_done": 8, "new": 1, "calls": 1, "fallbacks": 0, "parity_failures": [], "failed": [], "stopped_at": null}

=== མི་ཁའི་བཟློག་བསྒྱུར།  (4 block(s)) ===
  [1/1] ^25,^42,^47,^59  (4 blk, 460 src, 3066 ctx) … 23.69s  यह भी निन्दा का ही एक प्रकटीकरण है।
  calls  1 for 4 block(s) recorded this run
  SUMMARY {"text": "མི་ཁའི་བཟློག་བསྒྱུར།", "lang_tag": "hi", "blocks_total": 75, "blocks_done": 75, "new": 4, "calls": 1, "fallbacks": 0, "parity_failures": [], "failed": [], "stopped_at": null}

=== ཚེས་བཅུའི་ཕན་ཡོན་གསོལ་འདེབས།  (1 block(s)) ===
  [1/1] ^14  (1 blk, 93 src, 4811 ctx) … 14.74s  यह साम्ये के प्रथम स्वर के नाम वाले प्रव्रजित के निव
  calls  1 for 1 block(s) recorded this run
  SUMMARY {"text": "ཚེས་བཅུའི་ཕན་ཡོན་གསོལ་འདེབས།", "lang_tag": "hi", "blocks_total": 14, "blocks_done": 14, "new": 1, "calls": 1, "fallbacks": 0, "parity_failures": [], "failed": [], "stopped_at": null}

=== ཞབས་བརྟན་གསོལ་འདེབས་འཆི་མེད་གྲུབ་པ་ཞེས་བྱ་བ་བཞུགས་སོ།  (2 block(s)) ===
  [1/1] ^3,^15  (2 blk, 699 src, 1439 ctx) … 60.33s  लोबसांग, जिनेंद्र त्सोंगखापा के,
  calls  1 for 2 block(s) recorded this run
  SUMMARY {"text": "ཞབས་བརྟན་གསོལ་འདེབས་འཆི་མེད་གྲུབ་པ་ཞེས་བྱ་བ་བཞུགས་སོ།", "lang_tag": "hi", "blocks_total": 15, "blocks_done": 15, "new": 2, "calls": 1, "fallbacks": 0, "parity_failures": [], "failed": [], "stopped_at": null}

=== འཆི་ཁར་ཕན་པའི་གདམས་ངག་ཉམས་ལེན་གྱི་སྙིང་པོ་ཞེས་བྱ་བ་བཞུགས་སོ།།  (1 block(s)) ===
  [1/1] ^9  (1 blk, 256 src, 3226 ctx) … 16.16s  इस प्रकार स्पष्ट आलम्बन के साथ यथासंभव अमिताभ के नाम
  calls  1 for 1 block(s) recorded this run
  SUMMARY {"text": "འཆི་ཁར་ཕན་པའི་གདམས་ངག་ཉམས་ལེན་གྱི་སྙིང་པོ་ཞེས་བྱ་བ་བཞུགས་སོ།།", "lang_tag": "hi", "blocks_total": 9, "blocks_done": 9, "new": 1, "calls": 1, "fallbacks": 0, "parity_failures": [], "failed": [], "stopped_at": null}

=== འཇམ་དབྱངས་ཀྱི་བསྟོད་པ་གང་བློ་མ་བཞུགས་སོ།  (2 block(s)) ===
  [1/1] ^1,^3  (2 blk, 332 src, 511 ctx) … 39.24s  गुरु और नाथ मञ्जुश्री को नमस्कार है।
  calls  1 for 2 block(s) recorded this run
  SUMMARY {"text": "འཇམ་དབྱངས་ཀྱི་བསྟོད་པ་གང་བློ་མ་བཞུགས་སོ།", "lang_tag": "hi", "blocks_total": 5, "blocks_done": 5, "new": 2, "calls": 1, "fallbacks": 0, "parity_failures": [], "failed": [], "stopped_at": null}

=== འཇམ་མགོན་བླ་མ་ཙོང་ཁ་པ་ཆེན་པོས་མཛད་པའི་བློ་སྦྱོང་སྙན་ངག་སྒྲ་རྒྱན་བཞུགས་སོ།  (2 block(s)) ===
  [1/1] ^21,^25  (2 blk, 324 src, 3502 ctx) … 16.98s  पाप और आवरण रूपी मलिनता को संचित करने वाला पात्र है।
  calls  1 for 2 block(s) recorded this run
  SUMMARY {"text": "འཇམ་མགོན་བླ་མ་ཙོང་ཁ་པ་ཆེན་པོས་མཛད་པའི་བློ་སྦྱོང་སྙན་ངག་སྒྲ་རྒྱན་བཞུགས་སོ།", "lang_tag": "hi", "blocks_total": 27, "blocks_done": 27, "new": 2, "calls": 1, "fallbacks": 0, "parity_failures": [], "failed": [], "stopped_at": null}

=== འཕགས་པ་ཐུགས་རྗེ་ཆེན་པོ་ལ་བསྟོད་ཅིང་གསོལ་བ་འདེབས་པ་ཕན་བདེའི་ཆར་འབེབས་ཞེས་བྱ་བ་བཞུགས་སོ།  (1 block(s)) ===
  [1/1] ^5  (1 blk, 256 src, 3122 ctx) … 33.28s  पूर्ण विकसित पुण्डरीक के समान सुन्दर मुख-मण्डल को प्
  calls  1 for 1 block(s) recorded this run
  SUMMARY {"text": "འཕགས་པ་ཐུགས་རྗེ་ཆེན་པོ་ལ་བསྟོད་ཅིང་གསོལ་བ་འདེབས་པ་ཕན་བདེའི་ཆར་འབེབས་ཞེས་བྱ་བ་བཞུགས་སོ།", "lang_tag": "hi", "blocks_total": 27, "blocks_done": 27, "new": 1, "calls": 1, "fallbacks": 0, "parity_failures": [], "failed": [], "stopped_at": null}

=== འཕགས་པ་བཟང་པོ་སྤྱོད་པའི་སྨོན་ལམ་གྱི་རྒྱལ་པོ།  (1 block(s)) ===
  [1/1] ^38  (1 blk, 158 src, 2934 ctx) … 28.47s  सर्वत्र शीघ्र ऋद्धि के बलों तथा,
  calls  1 for 1 block(s) recorded this run
  SUMMARY {"text": "འཕགས་པ་བཟང་པོ་སྤྱོད་པའི་སྨོན་ལམ་གྱི་རྒྱལ་པོ།", "lang_tag": "hi", "blocks_total": 66, "blocks_done": 66, "new": 1, "calls": 1, "fallbacks": 0, "parity_failures": [], "failed": [], "stopped_at": null}

=== རི་བོ་བསངས་མཆོད་བཞུགས་སོ༔  (1 block(s)) ===
  [1/1] ^4  (1 blk, 146 src, 1841 ctx) … 26.11s  अशुद्धि के स्वामियों, उन्मादक पिशाचों, पुरुष और स्त्
  calls  1 for 1 block(s) recorded this run
  SUMMARY {"text": "རི་བོ་བསངས་མཆོད་བཞུགས་སོ༔", "lang_tag": "hi", "blocks_total": 17, "blocks_done": 17, "new": 1, "calls": 1, "fallbacks": 0, "parity_failures": [], "failed": [], "stopped_at": null}

=== རྒྱ་ནག་པོའི་སྐག་ཟློག་ཅེས་བྱ་བ་བཞུགས་སོ།།  (3 block(s)) ===
  [1/1] ^1,^35,^42  (3 blk, 620 src, 511 ctx) … 23.65s  आर्य मञ्जुश्री को नमन।
  calls  1 for 3 block(s) recorded this run
  SUMMARY {"text": "རྒྱ་ནག་པོའི་སྐག་ཟློག་ཅེས་བྱ་བ་བཞུགས་སོ།།", "lang_tag": "hi", "blocks_total": 49, "blocks_done": 49, "new": 3, "calls": 1, "fallbacks": 0, "parity_failures": [], "failed": [], "stopped_at": null}

=== རྒྱལ་ཁམས་བདེ་བའི་སྨོན་ལམ།  (2 block(s)) ===
  [1/1] ^1,^2  (2 blk, 443 src, 440 ctx) … 27.24s  ॐ आह हूँ वज्र गुरु पद्म सिद्धि हूँ
  calls  1 for 2 block(s) recorded this run
  SUMMARY {"text": "རྒྱལ་ཁམས་བདེ་བའི་སྨོན་ལམ།", "lang_tag": "hi", "blocks_total": 4, "blocks_done": 4, "new": 2, "calls": 1, "fallbacks": 0, "parity_failures": [], "failed": [], "stopped_at": null}

=== རྒྱལ་བའི་དབང་པོ་ཀློང་ཆེན་རབ་འབྱམས་ལ་བསྟོད་པ།  (1 block(s)) ===
  [1/1] ^12  (1 blk, 265 src, 3936 ctx) … 22.13s  विवादग्रस्त कषाय काल के निम्न लोक और त्रिकाय के शुद्
  calls  1 for 1 block(s) recorded this run
  SUMMARY {"text": "རྒྱལ་བའི་དབང་པོ་ཀློང་ཆེན་རབ་འབྱམས་ལ་བསྟོད་པ།", "lang_tag": "hi", "blocks_total": 15, "blocks_done": 15, "new": 1, "calls": 1, "fallbacks": 0, "parity_failures": [], "failed": [], "stopped_at": null}

=== རྗེ་གསང་བའི་རྣམ་ཐར།  (1 block(s)) ===
  [1/1] ^40  (1 blk, 156 src, 2823 ctx) … 16.15s  ल्होद्रग मार्पा के अभिप्राय, संमिश्रण और संक्रान्ति 
  calls  1 for 1 block(s) recorded this run
  SUMMARY {"text": "རྗེ་གསང་བའི་རྣམ་ཐར།", "lang_tag": "hi", "blocks_total": 51, "blocks_done": 51, "new": 1, "calls": 1, "fallbacks": 0, "parity_failures": [], "failed": [], "stopped_at": null}

=== ལམ་གཙོ་རྣམ་གསུམ།  (1 block(s)) ===
  [1/1] ^16  (1 blk, 105 src, 2935 ctx) … 17.31s  यह बहुश्रुत भिक्षु श्री लोबसांग द्राक्पा द्वारा त्सा
  calls  1 for 1 block(s) recorded this run
  SUMMARY {"text": "ལམ་གཙོ་རྣམ་གསུམ།", "lang_tag": "hi", "blocks_total": 16, "blocks_done": 16, "new": 1, "calls": 1, "fallbacks": 0, "parity_failures": [], "failed": [], "stopped_at": null}

=== ལམ་རིམ་སྨོན་ལམ་བཞུགས་སོ།  (1 block(s)) ===
  [1/1] ^8  (1 blk, 46 src, 2970 ctx) … 9.73s  यह महान जे त्सोंगखापा द्वारा रचित है।
  calls  1 for 1 block(s) recorded this run
  SUMMARY {"text": "ལམ་རིམ་སྨོན་ལམ་བཞུགས་སོ།", "lang_tag": "hi", "blocks_total": 8, "blocks_done": 8, "new": 1, "calls": 1, "fallbacks": 0, "parity_failures": [], "failed": [], "stopped_at": null}

=== སྒྲོལ་མ་ཉེར་གཅིག་ལ་བསྟོད་པ།  (1 block(s)) ===
  [1/1] ^13  (1 blk, 134 src, 2806 ctx) … 21.2s  उनको नमस्कार, जो पृथ्वी के रक्षकों के समूहों को,
  calls  1 for 1 block(s) recorded this run
  SUMMARY {"text": "སྒྲོལ་མ་ཉེར་གཅིག་ལ་བསྟོད་པ།", "lang_tag": "hi", "blocks_total": 29, "blocks_done": 29, "new": 1, "calls": 1, "fallbacks": 0, "parity_failures": [], "failed": [], "stopped_at": null}

=== སྤྱོད་འཇུག་སྨོན་ལམ་བཞུགས་སོ།  (1 block(s)) ===
  [1/1] ^47  (1 blk, 121 src, 2548 ctx) … 43.32s  सभी प्राणी अनेक बार,
  calls  1 for 1 block(s) recorded this run
  SUMMARY {"text": "སྤྱོད་འཇུག་སྨོན་ལམ་བཞུགས་སོ།", "lang_tag": "hi", "blocks_total": 56, "blocks_done": 56, "new": 1, "calls": 1, "fallbacks": 0, "parity_failures": [], "failed": [], "stopped_at": null}

=== སློབ་དཔོན་ཐུགས་རྗེ་ཅན་གྱི་ཐུགས་དམ་གནད་ནས་སྐུལ་བའི་གདུང་དབྱངས་གསོལ་འདེབས་བཞུགས་སོ། །  (1 block(s)) ===
  [1/1] ^4  (1 blk, 163 src, 1944 ctx) … 14.53s  विशेषतः त्रिसोंग देत्सेन पिता-पुत्र द्वारा,
  calls  1 for 1 block(s) recorded this run
  SUMMARY {"text": "སློབ་དཔོན་ཐུགས་རྗེ་ཅན་གྱི་ཐུགས་དམ་གནད་ནས་སྐུལ་བའི་གདུང་དབྱངས་གསོལ་འདེབས་བཞུགས་སོ། །", "lang_tag": "hi", "blocks_total": 8, "blocks_done": 8, "new": 1, "calls": 1, "fallbacks": 0, "parity_failures": [], "failed": [], "stopped_at": null}

=== སློབ་དཔོན་རིན་པོ་ཆེའི་མཚན་སྔགས།  (2 block(s)) ===
  [1/1] ^1,^3  (2 blk, 357 src, 518 ctx) … 25.71s  भारत के महापण्डित, तिब्बत पर आपकी महान कृपा है,
  calls  1 for 2 block(s) recorded this run
  SUMMARY {"text": "སློབ་དཔོན་རིན་པོ་ཆེའི་མཚན་སྔགས།", "lang_tag": "hi", "blocks_total": 3, "blocks_done": 3, "new": 2, "calls": 1, "fallbacks": 0, "parity_failures": [], "failed": [], "stopped_at": null}

=== ཨོ་རྒྱན་རིན་པོ་ཆེའི་ཞལ་ཆེམས་གསོལ་འདེབས་བཞུགས༔  (3 block(s)) ===
  [1/1] ^3,^6,^8  (3 blk, 443 src, 1409 ctx) … 35.33s  गुणों से अभिभूत करने वाले महोत्तर हेरुक,
  calls  1 for 3 block(s) recorded this run
  SUMMARY {"text": "ཨོ་རྒྱན་རིན་པོ་ཆེའི་ཞལ་ཆེམས་གསོལ་འདེབས་བཞུགས༔", "lang_tag": "hi", "blocks_total": 8, "blocks_done": 8, "new": 3, "calls": 1, "fallbacks": 0, "parity_failures": [], "failed": [], "stopped_at": null}

stamp: ids: 0 source notes, 44 translation files updated | track-meta: 44 translation files updated | titles: 44 translation files updated

after re-run:
  གཏོར་མ་ཆ་གསུམ་བཞུགས་སོ།                      1 block(s): ^13
  གསོལ་འདེབས་ལེའུ་བདུན་མ།                      1 block(s): ^6
  དགེ་སློང་མ་དཔལ་མོས་མཛད་པའི་འཕགས་པ་སྤྱན་ར     1 block(s): ^4
  དབང་སྡུད་གསོལ་འདེབས།                         1 block(s): ^5
  ཕྱག་ཆེན་བརྒྱུད་པའི་གསོལ་འདེབས་ནི།            1 block(s): ^7
  བཀའ་ཐང་བསྡུས་པ།                              2 block(s): ^24, ^25
  བསྟན་འབར་མ་བཞུགས་སོ།                         1 block(s): ^13
  བོད་ཡུལ་བདེ་བའི་སྨོན་ལམ།                     1 block(s): ^4
  བྱིས་པའི་འབུམ་ཆུང་བཞུགས་སོ།།                 1 block(s): ^7
  བླ་མ་རྒྱང་འབོད་མོས་གུས་སྙིང་གི་གཟེར་འདེབ     3 block(s): ^1, ^7, ^53
  མི་ཁའི་བཟློག་བསྒྱུར།                         3 block(s): ^42, ^47, ^59
  འཆི་ཁར་ཕན་པའི་གདམས་ངག་ཉམས་ལེན་གྱི་སྙིང་པ     1 block(s): ^9
  འཇམ་དབྱངས་ཀྱི་བསྟོད་པ་གང་བློ་མ་བཞུགས་སོ།     1 block(s): ^3
  འཇམ་མགོན་བླ་མ་ཙོང་ཁ་པ་ཆེན་པོས་མཛད་པའི་བླ     1 block(s): ^21
  རི་བོ་བསངས་མཆོད་བཞུགས་སོ༔                    1 block(s): ^4
  རྒྱ་ནག་པོའི་སྐག་ཟློག་ཅེས་བྱ་བ་བཞུགས་སོ།།     2 block(s): ^35, ^42
  རྒྱལ་བའི་དབང་པོ་ཀློང་ཆེན་རབ་འབྱམས་ལ་བསྟོ     1 block(s): ^12
  སྒྲོལ་མ་ཉེར་གཅིག་ལ་བསྟོད་པ།                  1 block(s): ^13
24 block(s) in 18 text(s) lack a canonical name form (of 466 name occurrences)
exit 0
